Archive member included because of file (symbol)

c:/dave-3.1.8/dave-3.1.8/arm-gcc/bin/../lib/gcc/arm-none-eabi/4.7.4/../../../../arm-none-eabi/lib/armv7e-m\libg.a(lib_a-init.o)
                              Startup/startup_XMC4500.o (__libc_init_array)

Allocating common symbols
Common symbol       size              file

CanRecMsgObj        0x18              Main.o

Discarded input sections

 .group         0x00000000        0x8 Startup/system_XMC4500.o
 .group         0x00000000        0x8 Startup/system_XMC4500.o
 .group         0x00000000        0x8 Startup/system_XMC4500.o
 .group         0x00000000        0x8 Startup/system_XMC4500.o
 .group         0x00000000        0x8 Startup/system_XMC4500.o
 .group         0x00000000        0x8 Startup/system_XMC4500.o
 .group         0x00000000        0x8 Startup/system_XMC4500.o
 .group         0x00000000        0x8 Startup/system_XMC4500.o
 .group         0x00000000        0x8 Startup/system_XMC4500.o
 .group         0x00000000        0x8 Startup/system_XMC4500.o
 .group         0x00000000        0x8 Startup/system_XMC4500.o
 .group         0x00000000        0x8 Startup/system_XMC4500.o
 .group         0x00000000        0x8 Startup/system_XMC4500.o
 .comment       0x00000000       0x71 Startup/system_XMC4500.o
 .group         0x00000000        0x8 Main.o
 .group         0x00000000        0x8 Main.o
 .group         0x00000000        0x8 Main.o
 .group         0x00000000        0x8 Main.o
 .group         0x00000000        0x8 Main.o
 .group         0x00000000        0x8 Main.o
 .group         0x00000000        0x8 Main.o
 .group         0x00000000        0x8 Main.o
 .group         0x00000000        0x8 Main.o
 .group         0x00000000        0x8 Main.o
 .group         0x00000000        0x8 Main.o
 .group         0x00000000        0x8 Main.o
 .group         0x00000000        0x8 Main.o
 .group         0x00000000        0x8 Main.o
 .group         0x00000000        0x8 Main.o
 .group         0x00000000        0x8 Main.o
 .group         0x00000000        0x8 Main.o
 .group         0x00000000        0x8 Main.o
 .group         0x00000000        0x8 Main.o
 .group         0x00000000        0x8 Main.o
 .group         0x00000000        0x8 Main.o
 .group         0x00000000        0x8 Main.o
 .group         0x00000000        0x8 Main.o
 .group         0x00000000        0x8 Main.o
 .debug_macro   0x00000000      0x814 Main.o
 .debug_macro   0x00000000       0x2d Main.o
 .debug_macro   0x00000000       0x3b Main.o
 .debug_macro   0x00000000       0x3a Main.o
 .debug_macro   0x00000000       0x10 Main.o
 .debug_macro   0x00000000       0x2e Main.o
 .debug_macro   0x00000000       0xa3 Main.o
 .debug_macro   0x00000000      0x20e Main.o
 .debug_macro   0x00000000       0x2d Main.o
 .debug_macro   0x00000000       0x42 Main.o
 .debug_macro   0x00000000      0xd39 Main.o
 .debug_macro   0x00000000    0x150f5 Main.o
 .comment       0x00000000       0x71 Main.o
 .group         0x00000000        0x8 Lib/System_LibcStubs.o
 .group         0x00000000        0x8 Lib/System_LibcStubs.o
 .group         0x00000000        0x8 Lib/System_LibcStubs.o
 .group         0x00000000        0x8 Lib/System_LibcStubs.o
 .group         0x00000000        0x8 Lib/System_LibcStubs.o
 .group         0x00000000        0x8 Lib/System_LibcStubs.o
 .group         0x00000000        0x8 Lib/System_LibcStubs.o
 .group         0x00000000        0x8 Lib/System_LibcStubs.o
 .group         0x00000000        0x8 Lib/System_LibcStubs.o
 .group         0x00000000        0x8 Lib/System_LibcStubs.o
 .group         0x00000000        0x8 Lib/System_LibcStubs.o
 .group         0x00000000        0x8 Lib/System_LibcStubs.o
 .group         0x00000000        0x8 Lib/System_LibcStubs.o
 .group         0x00000000        0x8 Lib/System_LibcStubs.o
 .group         0x00000000        0x8 Lib/System_LibcStubs.o
 .group         0x00000000        0x8 Lib/System_LibcStubs.o
 .group         0x00000000        0x8 Lib/System_LibcStubs.o
 .group         0x00000000        0x8 Lib/System_LibcStubs.o
 .group         0x00000000        0x8 Lib/System_LibcStubs.o
 .group         0x00000000        0x8 Lib/System_LibcStubs.o
 .group         0x00000000        0x8 Lib/System_LibcStubs.o
 .debug_macro   0x00000000      0x814 Lib/System_LibcStubs.o
 .debug_macro   0x00000000       0x3a Lib/System_LibcStubs.o
 .debug_macro   0x00000000       0x10 Lib/System_LibcStubs.o
 .debug_macro   0x00000000       0x2e Lib/System_LibcStubs.o
 .debug_macro   0x00000000       0xa3 Lib/System_LibcStubs.o
 .comment       0x00000000       0x71 Lib/System_LibcStubs.o
 .group         0x00000000        0x8 Dave/Generated/src/RESET001/RESET001.o
 .group         0x00000000        0x8 Dave/Generated/src/RESET001/RESET001.o
 .group         0x00000000        0x8 Dave/Generated/src/RESET001/RESET001.o
 .group         0x00000000        0x8 Dave/Generated/src/RESET001/RESET001.o
 .group         0x00000000        0x8 Dave/Generated/src/RESET001/RESET001.o
 .group         0x00000000        0x8 Dave/Generated/src/RESET001/RESET001.o
 .group         0x00000000        0x8 Dave/Generated/src/RESET001/RESET001.o
 .group         0x00000000        0x8 Dave/Generated/src/RESET001/RESET001.o
 .group         0x00000000        0x8 Dave/Generated/src/RESET001/RESET001.o
 .group         0x00000000        0x8 Dave/Generated/src/RESET001/RESET001.o
 .group         0x00000000        0x8 Dave/Generated/src/RESET001/RESET001.o
 .group         0x00000000        0x8 Dave/Generated/src/RESET001/RESET001.o
 .group         0x00000000        0x8 Dave/Generated/src/RESET001/RESET001.o
 .group         0x00000000        0x8 Dave/Generated/src/RESET001/RESET001.o
 .group         0x00000000        0x8 Dave/Generated/src/RESET001/RESET001.o
 .group         0x00000000        0x8 Dave/Generated/src/RESET001/RESET001.o
 .group         0x00000000        0x8 Dave/Generated/src/RESET001/RESET001.o
 .group         0x00000000        0x8 Dave/Generated/src/RESET001/RESET001.o
 .group         0x00000000        0x8 Dave/Generated/src/RESET001/RESET001.o
 .group         0x00000000        0x8 Dave/Generated/src/RESET001/RESET001.o
 .group         0x00000000        0x8 Dave/Generated/src/RESET001/RESET001.o
 .group         0x00000000        0x8 Dave/Generated/src/RESET001/RESET001.o
 .group         0x00000000        0x8 Dave/Generated/src/RESET001/RESET001.o
 .group         0x00000000        0x8 Dave/Generated/src/RESET001/RESET001.o
 .debug_macro   0x00000000      0x814 Dave/Generated/src/RESET001/RESET001.o
 .debug_macro   0x00000000       0x2d Dave/Generated/src/RESET001/RESET001.o
 .debug_macro   0x00000000       0x3b Dave/Generated/src/RESET001/RESET001.o
 .debug_macro   0x00000000       0x3a Dave/Generated/src/RESET001/RESET001.o
 .debug_macro   0x00000000       0x10 Dave/Generated/src/RESET001/RESET001.o
 .debug_macro   0x00000000       0x2e Dave/Generated/src/RESET001/RESET001.o
 .debug_macro   0x00000000       0xa3 Dave/Generated/src/RESET001/RESET001.o
 .debug_macro   0x00000000      0x20e Dave/Generated/src/RESET001/RESET001.o
 .debug_macro   0x00000000       0x2d Dave/Generated/src/RESET001/RESET001.o
 .debug_macro   0x00000000       0x42 Dave/Generated/src/RESET001/RESET001.o
 .debug_macro   0x00000000      0xd39 Dave/Generated/src/RESET001/RESET001.o
 .debug_macro   0x00000000       0x70 Dave/Generated/src/RESET001/RESET001.o
 .debug_macro   0x00000000    0x150f5 Dave/Generated/src/RESET001/RESET001.o
 .debug_macro   0x00000000      0x16c Dave/Generated/src/RESET001/RESET001.o
 .debug_macro   0x00000000       0x22 Dave/Generated/src/RESET001/RESET001.o
 .debug_macro   0x00000000      0x547 Dave/Generated/src/RESET001/RESET001.o
 .debug_macro   0x00000000       0x64 Dave/Generated/src/RESET001/RESET001.o
 .debug_macro   0x00000000       0x46 Dave/Generated/src/RESET001/RESET001.o
 .debug_macro   0x00000000      0x160 Dave/Generated/src/RESET001/RESET001.o
 .debug_macro   0x00000000       0x34 Dave/Generated/src/RESET001/RESET001.o
 .debug_macro   0x00000000       0x28 Dave/Generated/src/RESET001/RESET001.o
 .debug_macro   0x00000000       0x1c Dave/Generated/src/RESET001/RESET001.o
 .debug_macro   0x00000000       0x12 Dave/Generated/src/RESET001/RESET001.o
 .debug_macro   0x00000000       0x10 Dave/Generated/src/RESET001/RESET001.o
 .comment       0x00000000       0x71 Dave/Generated/src/RESET001/RESET001.o
 .group         0x00000000        0x8 Dave/Generated/src/NVIC002/NVIC002.o
 .group         0x00000000        0x8 Dave/Generated/src/NVIC002/NVIC002.o
 .group         0x00000000        0x8 Dave/Generated/src/NVIC002/NVIC002.o
 .group         0x00000000        0x8 Dave/Generated/src/NVIC002/NVIC002.o
 .group         0x00000000        0x8 Dave/Generated/src/NVIC002/NVIC002.o
 .group         0x00000000        0x8 Dave/Generated/src/NVIC002/NVIC002.o
 .group         0x00000000        0x8 Dave/Generated/src/NVIC002/NVIC002.o
 .group         0x00000000        0x8 Dave/Generated/src/NVIC002/NVIC002.o
 .group         0x00000000        0x8 Dave/Generated/src/NVIC002/NVIC002.o
 .group         0x00000000        0x8 Dave/Generated/src/NVIC002/NVIC002.o
 .group         0x00000000        0x8 Dave/Generated/src/NVIC002/NVIC002.o
 .group         0x00000000        0x8 Dave/Generated/src/NVIC002/NVIC002.o
 .group         0x00000000        0x8 Dave/Generated/src/NVIC002/NVIC002.o
 .group         0x00000000        0x8 Dave/Generated/src/NVIC002/NVIC002.o
 .group         0x00000000        0x8 Dave/Generated/src/NVIC002/NVIC002.o
 .group         0x00000000        0x8 Dave/Generated/src/NVIC002/NVIC002.o
 .group         0x00000000        0x8 Dave/Generated/src/NVIC002/NVIC002.o
 .group         0x00000000        0x8 Dave/Generated/src/NVIC002/NVIC002.o
 .group         0x00000000        0x8 Dave/Generated/src/NVIC002/NVIC002.o
 .group         0x00000000        0x8 Dave/Generated/src/NVIC002/NVIC002.o
 .group         0x00000000        0x8 Dave/Generated/src/NVIC002/NVIC002.o
 .group         0x00000000        0x8 Dave/Generated/src/NVIC002/NVIC002.o
 .group         0x00000000        0x8 Dave/Generated/src/NVIC002/NVIC002.o
 .group         0x00000000        0x8 Dave/Generated/src/NVIC002/NVIC002.o
 .debug_macro   0x00000000      0x814 Dave/Generated/src/NVIC002/NVIC002.o
 .debug_macro   0x00000000       0x2d Dave/Generated/src/NVIC002/NVIC002.o
 .debug_macro   0x00000000       0x3b Dave/Generated/src/NVIC002/NVIC002.o
 .debug_macro   0x00000000       0x3a Dave/Generated/src/NVIC002/NVIC002.o
 .debug_macro   0x00000000       0x10 Dave/Generated/src/NVIC002/NVIC002.o
 .debug_macro   0x00000000       0x2e Dave/Generated/src/NVIC002/NVIC002.o
 .debug_macro   0x00000000       0xa3 Dave/Generated/src/NVIC002/NVIC002.o
 .debug_macro   0x00000000      0x20e Dave/Generated/src/NVIC002/NVIC002.o
 .debug_macro   0x00000000       0x2d Dave/Generated/src/NVIC002/NVIC002.o
 .debug_macro   0x00000000       0x42 Dave/Generated/src/NVIC002/NVIC002.o
 .debug_macro   0x00000000      0xd39 Dave/Generated/src/NVIC002/NVIC002.o
 .debug_macro   0x00000000       0x70 Dave/Generated/src/NVIC002/NVIC002.o
 .debug_macro   0x00000000    0x150f5 Dave/Generated/src/NVIC002/NVIC002.o
 .debug_macro   0x00000000      0x16c Dave/Generated/src/NVIC002/NVIC002.o
 .debug_macro   0x00000000       0x22 Dave/Generated/src/NVIC002/NVIC002.o
 .debug_macro   0x00000000      0x547 Dave/Generated/src/NVIC002/NVIC002.o
 .debug_macro   0x00000000       0x64 Dave/Generated/src/NVIC002/NVIC002.o
 .debug_macro   0x00000000       0x46 Dave/Generated/src/NVIC002/NVIC002.o
 .debug_macro   0x00000000      0x160 Dave/Generated/src/NVIC002/NVIC002.o
 .debug_macro   0x00000000       0x34 Dave/Generated/src/NVIC002/NVIC002.o
 .debug_macro   0x00000000       0x28 Dave/Generated/src/NVIC002/NVIC002.o
 .debug_macro   0x00000000       0x1c Dave/Generated/src/NVIC002/NVIC002.o
 .debug_macro   0x00000000       0x12 Dave/Generated/src/NVIC002/NVIC002.o
 .debug_macro   0x00000000       0x10 Dave/Generated/src/NVIC002/NVIC002.o
 .comment       0x00000000       0x71 Dave/Generated/src/NVIC002/NVIC002.o
 .group         0x00000000        0x8 Dave/Generated/src/NVIC002/NVIC002_Conf.o
 .group         0x00000000        0x8 Dave/Generated/src/NVIC002/NVIC002_Conf.o
 .group         0x00000000        0x8 Dave/Generated/src/NVIC002/NVIC002_Conf.o
 .group         0x00000000        0x8 Dave/Generated/src/NVIC002/NVIC002_Conf.o
 .group         0x00000000        0x8 Dave/Generated/src/NVIC002/NVIC002_Conf.o
 .group         0x00000000        0x8 Dave/Generated/src/NVIC002/NVIC002_Conf.o
 .group         0x00000000        0x8 Dave/Generated/src/NVIC002/NVIC002_Conf.o
 .group         0x00000000        0x8 Dave/Generated/src/NVIC002/NVIC002_Conf.o
 .group         0x00000000        0x8 Dave/Generated/src/NVIC002/NVIC002_Conf.o
 .group         0x00000000        0x8 Dave/Generated/src/NVIC002/NVIC002_Conf.o
 .group         0x00000000        0x8 Dave/Generated/src/NVIC002/NVIC002_Conf.o
 .group         0x00000000        0x8 Dave/Generated/src/NVIC002/NVIC002_Conf.o
 .group         0x00000000        0x8 Dave/Generated/src/NVIC002/NVIC002_Conf.o
 .group         0x00000000        0x8 Dave/Generated/src/NVIC002/NVIC002_Conf.o
 .group         0x00000000        0x8 Dave/Generated/src/NVIC002/NVIC002_Conf.o
 .group         0x00000000        0x8 Dave/Generated/src/NVIC002/NVIC002_Conf.o
 .group         0x00000000        0x8 Dave/Generated/src/NVIC002/NVIC002_Conf.o
 .group         0x00000000        0x8 Dave/Generated/src/NVIC002/NVIC002_Conf.o
 .group         0x00000000        0x8 Dave/Generated/src/NVIC002/NVIC002_Conf.o
 .group         0x00000000        0x8 Dave/Generated/src/NVIC002/NVIC002_Conf.o
 .group         0x00000000        0x8 Dave/Generated/src/NVIC002/NVIC002_Conf.o
 .group         0x00000000        0x8 Dave/Generated/src/NVIC002/NVIC002_Conf.o
 .group         0x00000000        0x8 Dave/Generated/src/NVIC002/NVIC002_Conf.o
 .group         0x00000000        0x8 Dave/Generated/src/NVIC002/NVIC002_Conf.o
 .debug_macro   0x00000000      0x814 Dave/Generated/src/NVIC002/NVIC002_Conf.o
 .debug_macro   0x00000000       0x2d Dave/Generated/src/NVIC002/NVIC002_Conf.o
 .debug_macro   0x00000000       0x3b Dave/Generated/src/NVIC002/NVIC002_Conf.o
 .debug_macro   0x00000000       0x3a Dave/Generated/src/NVIC002/NVIC002_Conf.o
 .debug_macro   0x00000000       0x10 Dave/Generated/src/NVIC002/NVIC002_Conf.o
 .debug_macro   0x00000000       0x2e Dave/Generated/src/NVIC002/NVIC002_Conf.o
 .debug_macro   0x00000000       0xa3 Dave/Generated/src/NVIC002/NVIC002_Conf.o
 .debug_macro   0x00000000      0x20e Dave/Generated/src/NVIC002/NVIC002_Conf.o
 .debug_macro   0x00000000       0x2d Dave/Generated/src/NVIC002/NVIC002_Conf.o
 .debug_macro   0x00000000       0x42 Dave/Generated/src/NVIC002/NVIC002_Conf.o
 .debug_macro   0x00000000      0xd39 Dave/Generated/src/NVIC002/NVIC002_Conf.o
 .debug_macro   0x00000000       0x70 Dave/Generated/src/NVIC002/NVIC002_Conf.o
 .debug_macro   0x00000000    0x150f5 Dave/Generated/src/NVIC002/NVIC002_Conf.o
 .debug_macro   0x00000000      0x16c Dave/Generated/src/NVIC002/NVIC002_Conf.o
 .debug_macro   0x00000000       0x22 Dave/Generated/src/NVIC002/NVIC002_Conf.o
 .debug_macro   0x00000000      0x547 Dave/Generated/src/NVIC002/NVIC002_Conf.o
 .debug_macro   0x00000000       0x64 Dave/Generated/src/NVIC002/NVIC002_Conf.o
 .debug_macro   0x00000000       0x46 Dave/Generated/src/NVIC002/NVIC002_Conf.o
 .debug_macro   0x00000000      0x160 Dave/Generated/src/NVIC002/NVIC002_Conf.o
 .debug_macro   0x00000000       0x34 Dave/Generated/src/NVIC002/NVIC002_Conf.o
 .debug_macro   0x00000000       0x28 Dave/Generated/src/NVIC002/NVIC002_Conf.o
 .debug_macro   0x00000000       0x1c Dave/Generated/src/NVIC002/NVIC002_Conf.o
 .debug_macro   0x00000000       0x12 Dave/Generated/src/NVIC002/NVIC002_Conf.o
 .debug_macro   0x00000000       0x10 Dave/Generated/src/NVIC002/NVIC002_Conf.o
 .comment       0x00000000       0x71 Dave/Generated/src/NVIC002/NVIC002_Conf.o
 .group         0x00000000        0x8 Dave/Generated/src/LIBS/CCU8PWMLIB.o
 .group         0x00000000        0x8 Dave/Generated/src/LIBS/CCU8PWMLIB.o
 .group         0x00000000        0x8 Dave/Generated/src/LIBS/CCU8PWMLIB.o
 .group         0x00000000        0x8 Dave/Generated/src/LIBS/CCU8PWMLIB.o
 .group         0x00000000        0x8 Dave/Generated/src/LIBS/CCU8PWMLIB.o
 .group         0x00000000        0x8 Dave/Generated/src/LIBS/CCU8PWMLIB.o
 .group         0x00000000        0x8 Dave/Generated/src/LIBS/CCU8PWMLIB.o
 .group         0x00000000        0x8 Dave/Generated/src/LIBS/CCU8PWMLIB.o
 .group         0x00000000        0x8 Dave/Generated/src/LIBS/CCU8PWMLIB.o
 .group         0x00000000        0x8 Dave/Generated/src/LIBS/CCU8PWMLIB.o
 .group         0x00000000        0x8 Dave/Generated/src/LIBS/CCU8PWMLIB.o
 .group         0x00000000        0x8 Dave/Generated/src/LIBS/CCU8PWMLIB.o
 .group         0x00000000        0x8 Dave/Generated/src/LIBS/CCU8PWMLIB.o
 .group         0x00000000        0x8 Dave/Generated/src/LIBS/CCU8PWMLIB.o
 .group         0x00000000        0x8 Dave/Generated/src/LIBS/CCU8PWMLIB.o
 .group         0x00000000        0x8 Dave/Generated/src/LIBS/CCU8PWMLIB.o
 .group         0x00000000        0x8 Dave/Generated/src/LIBS/CCU8PWMLIB.o
 .group         0x00000000        0x8 Dave/Generated/src/LIBS/CCU8PWMLIB.o
 .group         0x00000000        0x8 Dave/Generated/src/LIBS/CCU8PWMLIB.o
 .group         0x00000000        0x8 Dave/Generated/src/LIBS/CCU8PWMLIB.o
 .group         0x00000000        0x8 Dave/Generated/src/LIBS/CCU8PWMLIB.o
 .group         0x00000000        0x8 Dave/Generated/src/LIBS/CCU8PWMLIB.o
 .group         0x00000000        0x8 Dave/Generated/src/LIBS/CCU8PWMLIB.o
 .group         0x00000000        0x8 Dave/Generated/src/LIBS/CCU8PWMLIB.o
 .debug_macro   0x00000000      0x814 Dave/Generated/src/LIBS/CCU8PWMLIB.o
 .debug_macro   0x00000000       0x2d Dave/Generated/src/LIBS/CCU8PWMLIB.o
 .debug_macro   0x00000000       0x3b Dave/Generated/src/LIBS/CCU8PWMLIB.o
 .debug_macro   0x00000000       0x3a Dave/Generated/src/LIBS/CCU8PWMLIB.o
 .debug_macro   0x00000000       0x10 Dave/Generated/src/LIBS/CCU8PWMLIB.o
 .debug_macro   0x00000000       0x2e Dave/Generated/src/LIBS/CCU8PWMLIB.o
 .debug_macro   0x00000000       0xa3 Dave/Generated/src/LIBS/CCU8PWMLIB.o
 .debug_macro   0x00000000      0x20e Dave/Generated/src/LIBS/CCU8PWMLIB.o
 .debug_macro   0x00000000       0x2d Dave/Generated/src/LIBS/CCU8PWMLIB.o
 .debug_macro   0x00000000       0x42 Dave/Generated/src/LIBS/CCU8PWMLIB.o
 .debug_macro   0x00000000      0xd39 Dave/Generated/src/LIBS/CCU8PWMLIB.o
 .debug_macro   0x00000000       0x70 Dave/Generated/src/LIBS/CCU8PWMLIB.o
 .debug_macro   0x00000000    0x150f5 Dave/Generated/src/LIBS/CCU8PWMLIB.o
 .debug_macro   0x00000000      0x16c Dave/Generated/src/LIBS/CCU8PWMLIB.o
 .debug_macro   0x00000000       0x22 Dave/Generated/src/LIBS/CCU8PWMLIB.o
 .debug_macro   0x00000000      0x547 Dave/Generated/src/LIBS/CCU8PWMLIB.o
 .debug_macro   0x00000000       0x64 Dave/Generated/src/LIBS/CCU8PWMLIB.o
 .debug_macro   0x00000000       0x46 Dave/Generated/src/LIBS/CCU8PWMLIB.o
 .debug_macro   0x00000000      0x160 Dave/Generated/src/LIBS/CCU8PWMLIB.o
 .debug_macro   0x00000000       0x34 Dave/Generated/src/LIBS/CCU8PWMLIB.o
 .debug_macro   0x00000000       0x28 Dave/Generated/src/LIBS/CCU8PWMLIB.o
 .debug_macro   0x00000000       0x1c Dave/Generated/src/LIBS/CCU8PWMLIB.o
 .debug_macro   0x00000000       0x12 Dave/Generated/src/LIBS/CCU8PWMLIB.o
 .debug_macro   0x00000000       0x10 Dave/Generated/src/LIBS/CCU8PWMLIB.o
 .comment       0x00000000       0x71 Dave/Generated/src/LIBS/CCU8PWMLIB.o
 .group         0x00000000        0x8 Dave/Generated/src/LIBS/MOTORLIB.o
 .group         0x00000000        0x8 Dave/Generated/src/LIBS/MOTORLIB.o
 .group         0x00000000        0x8 Dave/Generated/src/LIBS/MOTORLIB.o
 .group         0x00000000        0x8 Dave/Generated/src/LIBS/MOTORLIB.o
 .group         0x00000000        0x8 Dave/Generated/src/LIBS/MOTORLIB.o
 .group         0x00000000        0x8 Dave/Generated/src/LIBS/MOTORLIB.o
 .group         0x00000000        0x8 Dave/Generated/src/LIBS/MOTORLIB.o
 .group         0x00000000        0x8 Dave/Generated/src/LIBS/MOTORLIB.o
 .group         0x00000000        0x8 Dave/Generated/src/LIBS/MOTORLIB.o
 .group         0x00000000        0x8 Dave/Generated/src/LIBS/MOTORLIB.o
 .group         0x00000000        0x8 Dave/Generated/src/LIBS/MOTORLIB.o
 .group         0x00000000        0x8 Dave/Generated/src/LIBS/MOTORLIB.o
 .group         0x00000000        0x8 Dave/Generated/src/LIBS/MOTORLIB.o
 .group         0x00000000        0x8 Dave/Generated/src/LIBS/MOTORLIB.o
 .group         0x00000000        0x8 Dave/Generated/src/LIBS/MOTORLIB.o
 .group         0x00000000        0x8 Dave/Generated/src/LIBS/MOTORLIB.o
 .group         0x00000000        0x8 Dave/Generated/src/LIBS/MOTORLIB.o
 .group         0x00000000        0x8 Dave/Generated/src/LIBS/MOTORLIB.o
 .group         0x00000000        0x8 Dave/Generated/src/LIBS/MOTORLIB.o
 .group         0x00000000        0x8 Dave/Generated/src/LIBS/MOTORLIB.o
 .group         0x00000000        0x8 Dave/Generated/src/LIBS/MOTORLIB.o
 .group         0x00000000        0x8 Dave/Generated/src/LIBS/MOTORLIB.o
 .group         0x00000000        0x8 Dave/Generated/src/LIBS/MOTORLIB.o
 .group         0x00000000        0x8 Dave/Generated/src/LIBS/MOTORLIB.o
 .debug_macro   0x00000000      0x814 Dave/Generated/src/LIBS/MOTORLIB.o
 .debug_macro   0x00000000       0x2d Dave/Generated/src/LIBS/MOTORLIB.o
 .debug_macro   0x00000000       0x3b Dave/Generated/src/LIBS/MOTORLIB.o
 .debug_macro   0x00000000       0x3a Dave/Generated/src/LIBS/MOTORLIB.o
 .debug_macro   0x00000000       0x10 Dave/Generated/src/LIBS/MOTORLIB.o
 .debug_macro   0x00000000       0x2e Dave/Generated/src/LIBS/MOTORLIB.o
 .debug_macro   0x00000000       0xa3 Dave/Generated/src/LIBS/MOTORLIB.o
 .debug_macro   0x00000000      0x20e Dave/Generated/src/LIBS/MOTORLIB.o
 .debug_macro   0x00000000       0x2d Dave/Generated/src/LIBS/MOTORLIB.o
 .debug_macro   0x00000000       0x42 Dave/Generated/src/LIBS/MOTORLIB.o
 .debug_macro   0x00000000      0xd39 Dave/Generated/src/LIBS/MOTORLIB.o
 .debug_macro   0x00000000       0x70 Dave/Generated/src/LIBS/MOTORLIB.o
 .debug_macro   0x00000000    0x150f5 Dave/Generated/src/LIBS/MOTORLIB.o
 .debug_macro   0x00000000      0x16c Dave/Generated/src/LIBS/MOTORLIB.o
 .debug_macro   0x00000000       0x22 Dave/Generated/src/LIBS/MOTORLIB.o
 .debug_macro   0x00000000      0x547 Dave/Generated/src/LIBS/MOTORLIB.o
 .debug_macro   0x00000000       0x64 Dave/Generated/src/LIBS/MOTORLIB.o
 .debug_macro   0x00000000       0x46 Dave/Generated/src/LIBS/MOTORLIB.o
 .debug_macro   0x00000000      0x160 Dave/Generated/src/LIBS/MOTORLIB.o
 .debug_macro   0x00000000       0x34 Dave/Generated/src/LIBS/MOTORLIB.o
 .debug_macro   0x00000000       0x28 Dave/Generated/src/LIBS/MOTORLIB.o
 .debug_macro   0x00000000       0x1c Dave/Generated/src/LIBS/MOTORLIB.o
 .debug_macro   0x00000000       0x12 Dave/Generated/src/LIBS/MOTORLIB.o
 .debug_macro   0x00000000       0x10 Dave/Generated/src/LIBS/MOTORLIB.o
 .comment       0x00000000       0x71 Dave/Generated/src/LIBS/MOTORLIB.o
 .group         0x00000000        0x8 Dave/Generated/src/DAVESupport/DAVE3.o
 .group         0x00000000        0x8 Dave/Generated/src/DAVESupport/DAVE3.o
 .group         0x00000000        0x8 Dave/Generated/src/DAVESupport/DAVE3.o
 .group         0x00000000        0x8 Dave/Generated/src/DAVESupport/DAVE3.o
 .group         0x00000000        0x8 Dave/Generated/src/DAVESupport/DAVE3.o
 .group         0x00000000        0x8 Dave/Generated/src/DAVESupport/DAVE3.o
 .group         0x00000000        0x8 Dave/Generated/src/DAVESupport/DAVE3.o
 .group         0x00000000        0x8 Dave/Generated/src/DAVESupport/DAVE3.o
 .group         0x00000000        0x8 Dave/Generated/src/DAVESupport/DAVE3.o
 .group         0x00000000        0x8 Dave/Generated/src/DAVESupport/DAVE3.o
 .group         0x00000000        0x8 Dave/Generated/src/DAVESupport/DAVE3.o
 .group         0x00000000        0x8 Dave/Generated/src/DAVESupport/DAVE3.o
 .group         0x00000000        0x8 Dave/Generated/src/DAVESupport/DAVE3.o
 .group         0x00000000        0x8 Dave/Generated/src/DAVESupport/DAVE3.o
 .group         0x00000000        0x8 Dave/Generated/src/DAVESupport/DAVE3.o
 .group         0x00000000        0x8 Dave/Generated/src/DAVESupport/DAVE3.o
 .group         0x00000000        0x8 Dave/Generated/src/DAVESupport/DAVE3.o
 .group         0x00000000        0x8 Dave/Generated/src/DAVESupport/DAVE3.o
 .group         0x00000000        0x8 Dave/Generated/src/DAVESupport/DAVE3.o
 .group         0x00000000        0x8 Dave/Generated/src/DAVESupport/DAVE3.o
 .group         0x00000000        0x8 Dave/Generated/src/DAVESupport/DAVE3.o
 .group         0x00000000        0x8 Dave/Generated/src/DAVESupport/DAVE3.o
 .group         0x00000000        0x8 Dave/Generated/src/DAVESupport/DAVE3.o
 .group         0x00000000        0x8 Dave/Generated/src/DAVESupport/DAVE3.o
 .debug_macro   0x00000000      0x814 Dave/Generated/src/DAVESupport/DAVE3.o
 .debug_macro   0x00000000       0x2d Dave/Generated/src/DAVESupport/DAVE3.o
 .debug_macro   0x00000000       0x3b Dave/Generated/src/DAVESupport/DAVE3.o
 .debug_macro   0x00000000       0x3a Dave/Generated/src/DAVESupport/DAVE3.o
 .debug_macro   0x00000000       0x10 Dave/Generated/src/DAVESupport/DAVE3.o
 .debug_macro   0x00000000       0x2e Dave/Generated/src/DAVESupport/DAVE3.o
 .debug_macro   0x00000000       0xa3 Dave/Generated/src/DAVESupport/DAVE3.o
 .debug_macro   0x00000000      0x20e Dave/Generated/src/DAVESupport/DAVE3.o
 .debug_macro   0x00000000       0x2d Dave/Generated/src/DAVESupport/DAVE3.o
 .debug_macro   0x00000000       0x42 Dave/Generated/src/DAVESupport/DAVE3.o
 .debug_macro   0x00000000      0xd39 Dave/Generated/src/DAVESupport/DAVE3.o
 .debug_macro   0x00000000       0x70 Dave/Generated/src/DAVESupport/DAVE3.o
 .debug_macro   0x00000000    0x150f5 Dave/Generated/src/DAVESupport/DAVE3.o
 .debug_macro   0x00000000      0x16c Dave/Generated/src/DAVESupport/DAVE3.o
 .debug_macro   0x00000000       0x22 Dave/Generated/src/DAVESupport/DAVE3.o
 .debug_macro   0x00000000      0x547 Dave/Generated/src/DAVESupport/DAVE3.o
 .debug_macro   0x00000000       0x64 Dave/Generated/src/DAVESupport/DAVE3.o
 .debug_macro   0x00000000       0x46 Dave/Generated/src/DAVESupport/DAVE3.o
 .debug_macro   0x00000000      0x160 Dave/Generated/src/DAVESupport/DAVE3.o
 .debug_macro   0x00000000       0x34 Dave/Generated/src/DAVESupport/DAVE3.o
 .debug_macro   0x00000000       0x28 Dave/Generated/src/DAVESupport/DAVE3.o
 .debug_macro   0x00000000       0x1c Dave/Generated/src/DAVESupport/DAVE3.o
 .debug_macro   0x00000000       0x12 Dave/Generated/src/DAVESupport/DAVE3.o
 .debug_macro   0x00000000       0x10 Dave/Generated/src/DAVESupport/DAVE3.o
 .comment       0x00000000       0x71 Dave/Generated/src/DAVESupport/DAVE3.o
 .group         0x00000000        0x8 Dave/Generated/src/DAVESupport/MULTIPLEXER.o
 .group         0x00000000        0x8 Dave/Generated/src/DAVESupport/MULTIPLEXER.o
 .group         0x00000000        0x8 Dave/Generated/src/DAVESupport/MULTIPLEXER.o
 .group         0x00000000        0x8 Dave/Generated/src/DAVESupport/MULTIPLEXER.o
 .group         0x00000000        0x8 Dave/Generated/src/DAVESupport/MULTIPLEXER.o
 .group         0x00000000        0x8 Dave/Generated/src/DAVESupport/MULTIPLEXER.o
 .group         0x00000000        0x8 Dave/Generated/src/DAVESupport/MULTIPLEXER.o
 .group         0x00000000        0x8 Dave/Generated/src/DAVESupport/MULTIPLEXER.o
 .group         0x00000000        0x8 Dave/Generated/src/DAVESupport/MULTIPLEXER.o
 .group         0x00000000        0x8 Dave/Generated/src/DAVESupport/MULTIPLEXER.o
 .group         0x00000000        0x8 Dave/Generated/src/DAVESupport/MULTIPLEXER.o
 .group         0x00000000        0x8 Dave/Generated/src/DAVESupport/MULTIPLEXER.o
 .group         0x00000000        0x8 Dave/Generated/src/DAVESupport/MULTIPLEXER.o
 .group         0x00000000        0x8 Dave/Generated/src/DAVESupport/MULTIPLEXER.o
 .group         0x00000000        0x8 Dave/Generated/src/DAVESupport/MULTIPLEXER.o
 .group         0x00000000        0x8 Dave/Generated/src/DAVESupport/MULTIPLEXER.o
 .group         0x00000000        0x8 Dave/Generated/src/DAVESupport/MULTIPLEXER.o
 .group         0x00000000        0x8 Dave/Generated/src/DAVESupport/MULTIPLEXER.o
 .group         0x00000000        0x8 Dave/Generated/src/DAVESupport/MULTIPLEXER.o
 .group         0x00000000        0x8 Dave/Generated/src/DAVESupport/MULTIPLEXER.o
 .group         0x00000000        0x8 Dave/Generated/src/DAVESupport/MULTIPLEXER.o
 .group         0x00000000        0x8 Dave/Generated/src/DAVESupport/MULTIPLEXER.o
 .group         0x00000000        0x8 Dave/Generated/src/DAVESupport/MULTIPLEXER.o
 .group         0x00000000        0x8 Dave/Generated/src/DAVESupport/MULTIPLEXER.o
 .debug_macro   0x00000000      0x814 Dave/Generated/src/DAVESupport/MULTIPLEXER.o
 .debug_macro   0x00000000       0x2d Dave/Generated/src/DAVESupport/MULTIPLEXER.o
 .debug_macro   0x00000000       0x3b Dave/Generated/src/DAVESupport/MULTIPLEXER.o
 .debug_macro   0x00000000       0x3a Dave/Generated/src/DAVESupport/MULTIPLEXER.o
 .debug_macro   0x00000000       0x10 Dave/Generated/src/DAVESupport/MULTIPLEXER.o
 .debug_macro   0x00000000       0x2e Dave/Generated/src/DAVESupport/MULTIPLEXER.o
 .debug_macro   0x00000000       0xa3 Dave/Generated/src/DAVESupport/MULTIPLEXER.o
 .debug_macro   0x00000000      0x20e Dave/Generated/src/DAVESupport/MULTIPLEXER.o
 .debug_macro   0x00000000       0x2d Dave/Generated/src/DAVESupport/MULTIPLEXER.o
 .debug_macro   0x00000000       0x42 Dave/Generated/src/DAVESupport/MULTIPLEXER.o
 .debug_macro   0x00000000      0xd39 Dave/Generated/src/DAVESupport/MULTIPLEXER.o
 .debug_macro   0x00000000       0x70 Dave/Generated/src/DAVESupport/MULTIPLEXER.o
 .debug_macro   0x00000000    0x150f5 Dave/Generated/src/DAVESupport/MULTIPLEXER.o
 .debug_macro   0x00000000      0x16c Dave/Generated/src/DAVESupport/MULTIPLEXER.o
 .debug_macro   0x00000000       0x22 Dave/Generated/src/DAVESupport/MULTIPLEXER.o
 .debug_macro   0x00000000      0x547 Dave/Generated/src/DAVESupport/MULTIPLEXER.o
 .debug_macro   0x00000000       0x64 Dave/Generated/src/DAVESupport/MULTIPLEXER.o
 .debug_macro   0x00000000       0x46 Dave/Generated/src/DAVESupport/MULTIPLEXER.o
 .debug_macro   0x00000000      0x160 Dave/Generated/src/DAVESupport/MULTIPLEXER.o
 .debug_macro   0x00000000       0x34 Dave/Generated/src/DAVESupport/MULTIPLEXER.o
 .debug_macro   0x00000000       0x28 Dave/Generated/src/DAVESupport/MULTIPLEXER.o
 .debug_macro   0x00000000       0x1c Dave/Generated/src/DAVESupport/MULTIPLEXER.o
 .debug_macro   0x00000000       0x12 Dave/Generated/src/DAVESupport/MULTIPLEXER.o
 .debug_macro   0x00000000       0x10 Dave/Generated/src/DAVESupport/MULTIPLEXER.o
 .comment       0x00000000       0x71 Dave/Generated/src/DAVESupport/MULTIPLEXER.o
 .group         0x00000000        0x8 Dave/Generated/src/CLK001/CLK001.o
 .group         0x00000000        0x8 Dave/Generated/src/CLK001/CLK001.o
 .group         0x00000000        0x8 Dave/Generated/src/CLK001/CLK001.o
 .group         0x00000000        0x8 Dave/Generated/src/CLK001/CLK001.o
 .group         0x00000000        0x8 Dave/Generated/src/CLK001/CLK001.o
 .group         0x00000000        0x8 Dave/Generated/src/CLK001/CLK001.o
 .group         0x00000000        0x8 Dave/Generated/src/CLK001/CLK001.o
 .group         0x00000000        0x8 Dave/Generated/src/CLK001/CLK001.o
 .group         0x00000000        0x8 Dave/Generated/src/CLK001/CLK001.o
 .group         0x00000000        0x8 Dave/Generated/src/CLK001/CLK001.o
 .group         0x00000000        0x8 Dave/Generated/src/CLK001/CLK001.o
 .group         0x00000000        0x8 Dave/Generated/src/CLK001/CLK001.o
 .group         0x00000000        0x8 Dave/Generated/src/CLK001/CLK001.o
 .group         0x00000000        0x8 Dave/Generated/src/CLK001/CLK001.o
 .group         0x00000000        0x8 Dave/Generated/src/CLK001/CLK001.o
 .group         0x00000000        0x8 Dave/Generated/src/CLK001/CLK001.o
 .group         0x00000000        0x8 Dave/Generated/src/CLK001/CLK001.o
 .group         0x00000000        0x8 Dave/Generated/src/CLK001/CLK001.o
 .group         0x00000000        0x8 Dave/Generated/src/CLK001/CLK001.o
 .group         0x00000000        0x8 Dave/Generated/src/CLK001/CLK001.o
 .group         0x00000000        0x8 Dave/Generated/src/CLK001/CLK001.o
 .group         0x00000000        0x8 Dave/Generated/src/CLK001/CLK001.o
 .group         0x00000000        0x8 Dave/Generated/src/CLK001/CLK001.o
 .group         0x00000000        0x8 Dave/Generated/src/CLK001/CLK001.o
 .debug_macro   0x00000000      0x814 Dave/Generated/src/CLK001/CLK001.o
 .debug_macro   0x00000000       0x2d Dave/Generated/src/CLK001/CLK001.o
 .debug_macro   0x00000000       0x3b Dave/Generated/src/CLK001/CLK001.o
 .debug_macro   0x00000000       0x3a Dave/Generated/src/CLK001/CLK001.o
 .debug_macro   0x00000000       0x10 Dave/Generated/src/CLK001/CLK001.o
 .debug_macro   0x00000000       0x2e Dave/Generated/src/CLK001/CLK001.o
 .debug_macro   0x00000000       0xa3 Dave/Generated/src/CLK001/CLK001.o
 .debug_macro   0x00000000      0x20e Dave/Generated/src/CLK001/CLK001.o
 .debug_macro   0x00000000       0x2d Dave/Generated/src/CLK001/CLK001.o
 .debug_macro   0x00000000       0x42 Dave/Generated/src/CLK001/CLK001.o
 .debug_macro   0x00000000      0xd39 Dave/Generated/src/CLK001/CLK001.o
 .debug_macro   0x00000000       0x70 Dave/Generated/src/CLK001/CLK001.o
 .debug_macro   0x00000000    0x150f5 Dave/Generated/src/CLK001/CLK001.o
 .debug_macro   0x00000000      0x16c Dave/Generated/src/CLK001/CLK001.o
 .debug_macro   0x00000000       0x22 Dave/Generated/src/CLK001/CLK001.o
 .debug_macro   0x00000000      0x547 Dave/Generated/src/CLK001/CLK001.o
 .debug_macro   0x00000000       0x64 Dave/Generated/src/CLK001/CLK001.o
 .debug_macro   0x00000000       0x46 Dave/Generated/src/CLK001/CLK001.o
 .debug_macro   0x00000000      0x160 Dave/Generated/src/CLK001/CLK001.o
 .debug_macro   0x00000000       0x34 Dave/Generated/src/CLK001/CLK001.o
 .debug_macro   0x00000000       0x28 Dave/Generated/src/CLK001/CLK001.o
 .debug_macro   0x00000000       0x1c Dave/Generated/src/CLK001/CLK001.o
 .debug_macro   0x00000000       0x12 Dave/Generated/src/CLK001/CLK001.o
 .debug_macro   0x00000000       0x10 Dave/Generated/src/CLK001/CLK001.o
 .comment       0x00000000       0x71 Dave/Generated/src/CLK001/CLK001.o
 .group         0x00000000        0x8 Dave/Generated/src/CANGLOBAL/CANGLOBAL.o
 .group         0x00000000        0x8 Dave/Generated/src/CANGLOBAL/CANGLOBAL.o
 .group         0x00000000        0x8 Dave/Generated/src/CANGLOBAL/CANGLOBAL.o
 .group         0x00000000        0x8 Dave/Generated/src/CANGLOBAL/CANGLOBAL.o
 .group         0x00000000        0x8 Dave/Generated/src/CANGLOBAL/CANGLOBAL.o
 .group         0x00000000        0x8 Dave/Generated/src/CANGLOBAL/CANGLOBAL.o
 .group         0x00000000        0x8 Dave/Generated/src/CANGLOBAL/CANGLOBAL.o
 .group         0x00000000        0x8 Dave/Generated/src/CANGLOBAL/CANGLOBAL.o
 .group         0x00000000        0x8 Dave/Generated/src/CANGLOBAL/CANGLOBAL.o
 .group         0x00000000        0x8 Dave/Generated/src/CANGLOBAL/CANGLOBAL.o
 .group         0x00000000        0x8 Dave/Generated/src/CANGLOBAL/CANGLOBAL.o
 .group         0x00000000        0x8 Dave/Generated/src/CANGLOBAL/CANGLOBAL.o
 .group         0x00000000        0x8 Dave/Generated/src/CANGLOBAL/CANGLOBAL.o
 .group         0x00000000        0x8 Dave/Generated/src/CANGLOBAL/CANGLOBAL.o
 .group         0x00000000        0x8 Dave/Generated/src/CANGLOBAL/CANGLOBAL.o
 .group         0x00000000        0x8 Dave/Generated/src/CANGLOBAL/CANGLOBAL.o
 .group         0x00000000        0x8 Dave/Generated/src/CANGLOBAL/CANGLOBAL.o
 .group         0x00000000        0x8 Dave/Generated/src/CANGLOBAL/CANGLOBAL.o
 .group         0x00000000        0x8 Dave/Generated/src/CANGLOBAL/CANGLOBAL.o
 .group         0x00000000        0x8 Dave/Generated/src/CANGLOBAL/CANGLOBAL.o
 .group         0x00000000        0x8 Dave/Generated/src/CANGLOBAL/CANGLOBAL.o
 .group         0x00000000        0x8 Dave/Generated/src/CANGLOBAL/CANGLOBAL.o
 .group         0x00000000        0x8 Dave/Generated/src/CANGLOBAL/CANGLOBAL.o
 .group         0x00000000        0x8 Dave/Generated/src/CANGLOBAL/CANGLOBAL.o
 .debug_macro   0x00000000      0x814 Dave/Generated/src/CANGLOBAL/CANGLOBAL.o
 .debug_macro   0x00000000       0x2d Dave/Generated/src/CANGLOBAL/CANGLOBAL.o
 .debug_macro   0x00000000       0x3b Dave/Generated/src/CANGLOBAL/CANGLOBAL.o
 .debug_macro   0x00000000       0x3a Dave/Generated/src/CANGLOBAL/CANGLOBAL.o
 .debug_macro   0x00000000       0x10 Dave/Generated/src/CANGLOBAL/CANGLOBAL.o
 .debug_macro   0x00000000       0x2e Dave/Generated/src/CANGLOBAL/CANGLOBAL.o
 .debug_macro   0x00000000       0xa3 Dave/Generated/src/CANGLOBAL/CANGLOBAL.o
 .debug_macro   0x00000000      0x20e Dave/Generated/src/CANGLOBAL/CANGLOBAL.o
 .debug_macro   0x00000000       0x2d Dave/Generated/src/CANGLOBAL/CANGLOBAL.o
 .debug_macro   0x00000000       0x42 Dave/Generated/src/CANGLOBAL/CANGLOBAL.o
 .debug_macro   0x00000000      0xd39 Dave/Generated/src/CANGLOBAL/CANGLOBAL.o
 .debug_macro   0x00000000       0x70 Dave/Generated/src/CANGLOBAL/CANGLOBAL.o
 .debug_macro   0x00000000    0x150f5 Dave/Generated/src/CANGLOBAL/CANGLOBAL.o
 .debug_macro   0x00000000      0x16c Dave/Generated/src/CANGLOBAL/CANGLOBAL.o
 .debug_macro   0x00000000       0x22 Dave/Generated/src/CANGLOBAL/CANGLOBAL.o
 .debug_macro   0x00000000      0x547 Dave/Generated/src/CANGLOBAL/CANGLOBAL.o
 .debug_macro   0x00000000       0x64 Dave/Generated/src/CANGLOBAL/CANGLOBAL.o
 .debug_macro   0x00000000       0x46 Dave/Generated/src/CANGLOBAL/CANGLOBAL.o
 .debug_macro   0x00000000      0x160 Dave/Generated/src/CANGLOBAL/CANGLOBAL.o
 .debug_macro   0x00000000       0x34 Dave/Generated/src/CANGLOBAL/CANGLOBAL.o
 .debug_macro   0x00000000       0x28 Dave/Generated/src/CANGLOBAL/CANGLOBAL.o
 .debug_macro   0x00000000       0x1c Dave/Generated/src/CANGLOBAL/CANGLOBAL.o
 .debug_macro   0x00000000       0x12 Dave/Generated/src/CANGLOBAL/CANGLOBAL.o
 .debug_macro   0x00000000       0x10 Dave/Generated/src/CANGLOBAL/CANGLOBAL.o
 .comment       0x00000000       0x71 Dave/Generated/src/CANGLOBAL/CANGLOBAL.o
 .group         0x00000000        0x8 Dave/Generated/src/CAN001/CAN001.o
 .group         0x00000000        0x8 Dave/Generated/src/CAN001/CAN001.o
 .group         0x00000000        0x8 Dave/Generated/src/CAN001/CAN001.o
 .group         0x00000000        0x8 Dave/Generated/src/CAN001/CAN001.o
 .group         0x00000000        0x8 Dave/Generated/src/CAN001/CAN001.o
 .group         0x00000000        0x8 Dave/Generated/src/CAN001/CAN001.o
 .group         0x00000000        0x8 Dave/Generated/src/CAN001/CAN001.o
 .group         0x00000000        0x8 Dave/Generated/src/CAN001/CAN001.o
 .group         0x00000000        0x8 Dave/Generated/src/CAN001/CAN001.o
 .group         0x00000000        0x8 Dave/Generated/src/CAN001/CAN001.o
 .group         0x00000000        0x8 Dave/Generated/src/CAN001/CAN001.o
 .group         0x00000000        0x8 Dave/Generated/src/CAN001/CAN001.o
 .group         0x00000000        0x8 Dave/Generated/src/CAN001/CAN001.o
 .group         0x00000000        0x8 Dave/Generated/src/CAN001/CAN001.o
 .group         0x00000000        0x8 Dave/Generated/src/CAN001/CAN001.o
 .group         0x00000000        0x8 Dave/Generated/src/CAN001/CAN001.o
 .group         0x00000000        0x8 Dave/Generated/src/CAN001/CAN001.o
 .group         0x00000000        0x8 Dave/Generated/src/CAN001/CAN001.o
 .group         0x00000000        0x8 Dave/Generated/src/CAN001/CAN001.o
 .group         0x00000000        0x8 Dave/Generated/src/CAN001/CAN001.o
 .group         0x00000000        0x8 Dave/Generated/src/CAN001/CAN001.o
 .group         0x00000000        0x8 Dave/Generated/src/CAN001/CAN001.o
 .group         0x00000000        0x8 Dave/Generated/src/CAN001/CAN001.o
 .group         0x00000000        0x8 Dave/Generated/src/CAN001/CAN001.o
 .debug_macro   0x00000000      0x814 Dave/Generated/src/CAN001/CAN001.o
 .debug_macro   0x00000000       0x2d Dave/Generated/src/CAN001/CAN001.o
 .debug_macro   0x00000000       0x3b Dave/Generated/src/CAN001/CAN001.o
 .debug_macro   0x00000000       0x3a Dave/Generated/src/CAN001/CAN001.o
 .debug_macro   0x00000000       0x10 Dave/Generated/src/CAN001/CAN001.o
 .debug_macro   0x00000000       0x2e Dave/Generated/src/CAN001/CAN001.o
 .debug_macro   0x00000000       0xa3 Dave/Generated/src/CAN001/CAN001.o
 .debug_macro   0x00000000      0x20e Dave/Generated/src/CAN001/CAN001.o
 .debug_macro   0x00000000       0x2d Dave/Generated/src/CAN001/CAN001.o
 .debug_macro   0x00000000       0x42 Dave/Generated/src/CAN001/CAN001.o
 .debug_macro   0x00000000      0xd39 Dave/Generated/src/CAN001/CAN001.o
 .debug_macro   0x00000000       0x70 Dave/Generated/src/CAN001/CAN001.o
 .debug_macro   0x00000000    0x150f5 Dave/Generated/src/CAN001/CAN001.o
 .debug_macro   0x00000000      0x16c Dave/Generated/src/CAN001/CAN001.o
 .debug_macro   0x00000000       0x22 Dave/Generated/src/CAN001/CAN001.o
 .debug_macro   0x00000000      0x547 Dave/Generated/src/CAN001/CAN001.o
 .debug_macro   0x00000000       0x64 Dave/Generated/src/CAN001/CAN001.o
 .debug_macro   0x00000000       0x46 Dave/Generated/src/CAN001/CAN001.o
 .debug_macro   0x00000000      0x160 Dave/Generated/src/CAN001/CAN001.o
 .debug_macro   0x00000000       0x34 Dave/Generated/src/CAN001/CAN001.o
 .debug_macro   0x00000000       0x28 Dave/Generated/src/CAN001/CAN001.o
 .debug_macro   0x00000000       0x1c Dave/Generated/src/CAN001/CAN001.o
 .debug_macro   0x00000000       0x12 Dave/Generated/src/CAN001/CAN001.o
 .debug_macro   0x00000000       0x10 Dave/Generated/src/CAN001/CAN001.o
 .comment       0x00000000       0x71 Dave/Generated/src/CAN001/CAN001.o
 .group         0x00000000        0x8 Dave/Generated/src/CAN001/CAN001_Conf.o
 .group         0x00000000        0x8 Dave/Generated/src/CAN001/CAN001_Conf.o
 .group         0x00000000        0x8 Dave/Generated/src/CAN001/CAN001_Conf.o
 .group         0x00000000        0x8 Dave/Generated/src/CAN001/CAN001_Conf.o
 .group         0x00000000        0x8 Dave/Generated/src/CAN001/CAN001_Conf.o
 .group         0x00000000        0x8 Dave/Generated/src/CAN001/CAN001_Conf.o
 .group         0x00000000        0x8 Dave/Generated/src/CAN001/CAN001_Conf.o
 .group         0x00000000        0x8 Dave/Generated/src/CAN001/CAN001_Conf.o
 .group         0x00000000        0x8 Dave/Generated/src/CAN001/CAN001_Conf.o
 .group         0x00000000        0x8 Dave/Generated/src/CAN001/CAN001_Conf.o
 .group         0x00000000        0x8 Dave/Generated/src/CAN001/CAN001_Conf.o
 .group         0x00000000        0x8 Dave/Generated/src/CAN001/CAN001_Conf.o
 .group         0x00000000        0x8 Dave/Generated/src/CAN001/CAN001_Conf.o
 .group         0x00000000        0x8 Dave/Generated/src/CAN001/CAN001_Conf.o
 .group         0x00000000        0x8 Dave/Generated/src/CAN001/CAN001_Conf.o
 .group         0x00000000        0x8 Dave/Generated/src/CAN001/CAN001_Conf.o
 .group         0x00000000        0x8 Dave/Generated/src/CAN001/CAN001_Conf.o
 .group         0x00000000        0x8 Dave/Generated/src/CAN001/CAN001_Conf.o
 .group         0x00000000        0x8 Dave/Generated/src/CAN001/CAN001_Conf.o
 .group         0x00000000        0x8 Dave/Generated/src/CAN001/CAN001_Conf.o
 .group         0x00000000        0x8 Dave/Generated/src/CAN001/CAN001_Conf.o
 .group         0x00000000        0x8 Dave/Generated/src/CAN001/CAN001_Conf.o
 .group         0x00000000        0x8 Dave/Generated/src/CAN001/CAN001_Conf.o
 .group         0x00000000        0x8 Dave/Generated/src/CAN001/CAN001_Conf.o
 .debug_macro   0x00000000      0x814 Dave/Generated/src/CAN001/CAN001_Conf.o
 .debug_macro   0x00000000       0x2d Dave/Generated/src/CAN001/CAN001_Conf.o
 .debug_macro   0x00000000       0x3b Dave/Generated/src/CAN001/CAN001_Conf.o
 .debug_macro   0x00000000       0x3a Dave/Generated/src/CAN001/CAN001_Conf.o
 .debug_macro   0x00000000       0x10 Dave/Generated/src/CAN001/CAN001_Conf.o
 .debug_macro   0x00000000       0x2e Dave/Generated/src/CAN001/CAN001_Conf.o
 .debug_macro   0x00000000       0xa3 Dave/Generated/src/CAN001/CAN001_Conf.o
 .debug_macro   0x00000000      0x20e Dave/Generated/src/CAN001/CAN001_Conf.o
 .debug_macro   0x00000000       0x2d Dave/Generated/src/CAN001/CAN001_Conf.o
 .debug_macro   0x00000000       0x42 Dave/Generated/src/CAN001/CAN001_Conf.o
 .debug_macro   0x00000000      0xd39 Dave/Generated/src/CAN001/CAN001_Conf.o
 .debug_macro   0x00000000       0x70 Dave/Generated/src/CAN001/CAN001_Conf.o
 .debug_macro   0x00000000    0x150f5 Dave/Generated/src/CAN001/CAN001_Conf.o
 .debug_macro   0x00000000      0x16c Dave/Generated/src/CAN001/CAN001_Conf.o
 .debug_macro   0x00000000       0x22 Dave/Generated/src/CAN001/CAN001_Conf.o
 .debug_macro   0x00000000      0x547 Dave/Generated/src/CAN001/CAN001_Conf.o
 .debug_macro   0x00000000       0x64 Dave/Generated/src/CAN001/CAN001_Conf.o
 .debug_macro   0x00000000       0x46 Dave/Generated/src/CAN001/CAN001_Conf.o
 .debug_macro   0x00000000      0x160 Dave/Generated/src/CAN001/CAN001_Conf.o
 .debug_macro   0x00000000       0x34 Dave/Generated/src/CAN001/CAN001_Conf.o
 .debug_macro   0x00000000       0x28 Dave/Generated/src/CAN001/CAN001_Conf.o
 .debug_macro   0x00000000       0x1c Dave/Generated/src/CAN001/CAN001_Conf.o
 .debug_macro   0x00000000       0x12 Dave/Generated/src/CAN001/CAN001_Conf.o
 .debug_macro   0x00000000       0x10 Dave/Generated/src/CAN001/CAN001_Conf.o
 .comment       0x00000000       0x71 Dave/Generated/src/CAN001/CAN001_Conf.o

Memory Configuration

Name             Origin             Length             Attributes
FLASH_1_cached   0x08000000         0x00100000         xr
FLASH_1_uncached 0x0c000000         0x00100000         xr
PSRAM_1          0x10000000         0x00010000         !xr
DSRAM_1_system   0x20000000         0x00010000         !xr
DSRAM_2_comm     0x30000000         0x00008000         !xr
*default*        0x00000000         0xffffffff

Linker script and memory map

LOAD Startup/startup_XMC4500.o
LOAD Startup/system_XMC4500.o
LOAD Main.o
LOAD Lib/System_LibcStubs.o
LOAD Dave/Generated/src/RESET001/RESET001.o
LOAD Dave/Generated/src/NVIC002/NVIC002.o
LOAD Dave/Generated/src/NVIC002/NVIC002_Conf.o
LOAD Dave/Generated/src/LIBS/CCU8PWMLIB.o
LOAD Dave/Generated/src/LIBS/MOTORLIB.o
LOAD Dave/Generated/src/DAVESupport/DAVE3.o
LOAD Dave/Generated/src/DAVESupport/MULTIPLEXER.o
LOAD Dave/Generated/src/CLK001/CLK001.o
LOAD Dave/Generated/src/CANGLOBAL/CANGLOBAL.o
LOAD Dave/Generated/src/CAN001/CAN001.o
LOAD Dave/Generated/src/CAN001/CAN001_Conf.o
START GROUP
LOAD c:/dave-3.1.8/dave-3.1.8/arm-gcc/bin/../lib/gcc/arm-none-eabi/4.7.4/armv7e-m\libgcc.a
LOAD c:/dave-3.1.8/dave-3.1.8/arm-gcc/bin/../lib/gcc/arm-none-eabi/4.7.4/../../../../arm-none-eabi/lib/armv7e-m\libg.a
LOAD c:/dave-3.1.8/dave-3.1.8/arm-gcc/bin/../lib/gcc/arm-none-eabi/4.7.4/../../../../arm-none-eabi/lib/armv7e-m\libc.a
END GROUP
                0x00000800                stack_size = 0x800

.text           0x08000000     0x2aa8 load address 0x0c000000
                0x08000000                sText = .
 *(.Xmc4500.reset)
 .Xmc4500.reset
                0x08000000      0x21c Startup/startup_XMC4500.o
                0x08000000                __Xmc4500_interrupt_vector_cortex_m
                0x08000200                __Xmc4500_reset_cortex_m
 *(.Xmc4500.postreset)
 .Xmc4500.postreset
                0x0800021c       0xa8 Startup/startup_XMC4500.o
 *(.XmcStartup)
 .XmcStartup    0x080002c4        0x4 Startup/startup_XMC4500.o
 *(.text .text.* .gnu.linkonce.t.*)
 .text          0x080002c8      0x82c Startup/startup_XMC4500.o
                0x080002c8                NMI_Handler
                0x080002ca                NMI_Handler_Veneer
                0x080002d8                HardFault_Handler
                0x080002da                HardFault_Handler_Veneer
                0x080002e8                MemManage_Handler
                0x080002ea                MemManage_Handler_Veneer
                0x080002f8                BusFault_Handler
                0x080002fa                BusFault_Handler_Veneer
                0x08000308                UsageFault_Handler
                0x0800030a                UsageFault_Handler_Veneer
                0x08000318                SVC_Handler
                0x0800031a                SVC_Handler_Veneer
                0x08000328                DebugMon_Handler
                0x0800032a                DebugMon_Handler_Veneer
                0x08000338                PendSV_Handler
                0x0800033a                PendSV_Handler_Veneer
                0x08000348                SysTick_Handler
                0x0800034a                SysTick_Handler_Veneer
                0x08000358                SCU_0_IRQHandler
                0x0800035a                SCU_0_IRQHandler_Veneer
                0x08000368                ERU0_0_IRQHandler
                0x0800036a                ERU0_0_IRQHandler_Veneer
                0x08000378                ERU0_1_IRQHandler
                0x0800037a                ERU0_1_IRQHandler_Veneer
                0x08000388                ERU0_2_IRQHandler
                0x0800038a                ERU0_2_IRQHandler_Veneer
                0x08000398                ERU0_3_IRQHandler
                0x0800039a                ERU0_3_IRQHandler_Veneer
                0x080003a8                ERU1_0_IRQHandler
                0x080003aa                ERU1_0_IRQHandler_Veneer
                0x080003b8                ERU1_1_IRQHandler
                0x080003ba                ERU1_1_IRQHandler_Veneer
                0x080003c8                ERU1_2_IRQHandler
                0x080003ca                ERU1_2_IRQHandler_Veneer
                0x080003d8                ERU1_3_IRQHandler
                0x080003da                ERU1_3_IRQHandler_Veneer
                0x080003e8                PMU0_0_IRQHandler
                0x080003ea                PMU0_0_IRQHandler_Veneer
                0x080003f8                VADC0_C0_0_IRQHandler
                0x080003fa                VADC0_C0_0_IRQHandler_Veneer
                0x08000408                VADC0_C0_1_IRQHandler
                0x0800040a                VADC0_C0_1_IRQHandler_Veneer
                0x08000418                VADC0_C0_2_IRQHandler
                0x0800041a                VADC0_C0_2_IRQHandler_Veneer
                0x08000428                VADC0_C0_3_IRQHandler
                0x0800042a                VADC0_C0_3_IRQHandler_Veneer
                0x08000438                VADC0_G0_0_IRQHandler
                0x0800043a                VADC0_G0_0_IRQHandler_Veneer
                0x08000448                VADC0_G0_1_IRQHandler
                0x0800044a                VADC0_G0_1_IRQHandler_Veneer
                0x08000458                VADC0_G0_2_IRQHandler
                0x0800045a                VADC0_G0_2_IRQHandler_Veneer
                0x08000468                VADC0_G0_3_IRQHandler
                0x0800046a                VADC0_G0_3_IRQHandler_Veneer
                0x08000478                VADC0_G1_0_IRQHandler
                0x0800047a                VADC0_G1_0_IRQHandler_Veneer
                0x08000488                VADC0_G1_1_IRQHandler
                0x0800048a                VADC0_G1_1_IRQHandler_Veneer
                0x08000498                VADC0_G1_2_IRQHandler
                0x0800049a                VADC0_G1_2_IRQHandler_Veneer
                0x080004a8                VADC0_G1_3_IRQHandler
                0x080004aa                VADC0_G1_3_IRQHandler_Veneer
                0x080004b8                VADC0_G2_0_IRQHandler
                0x080004ba                VADC0_G2_0_IRQHandler_Veneer
                0x080004c8                VADC0_G2_1_IRQHandler
                0x080004ca                VADC0_G2_1_IRQHandler_Veneer
                0x080004d8                VADC0_G2_2_IRQHandler
                0x080004da                VADC0_G2_2_IRQHandler_Veneer
                0x080004e8                VADC0_G2_3_IRQHandler
                0x080004ea                VADC0_G2_3_IRQHandler_Veneer
                0x080004f8                VADC0_G3_0_IRQHandler
                0x080004fa                VADC0_G3_0_IRQHandler_Veneer
                0x08000508                VADC0_G3_1_IRQHandler
                0x0800050a                VADC0_G3_1_IRQHandler_Veneer
                0x08000518                VADC0_G3_2_IRQHandler
                0x0800051a                VADC0_G3_2_IRQHandler_Veneer
                0x08000528                VADC0_G3_3_IRQHandler
                0x0800052a                VADC0_G3_3_IRQHandler_Veneer
                0x08000538                DSD0_0_IRQHandler
                0x0800053a                DSD0_0_IRQHandler_Veneer
                0x08000548                DSD0_1_IRQHandler
                0x0800054a                DSD0_1_IRQHandler_Veneer
                0x08000558                DSD0_2_IRQHandler
                0x0800055a                DSD0_2_IRQHandler_Veneer
                0x08000568                DSD0_3_IRQHandler
                0x0800056a                DSD0_3_IRQHandler_Veneer
                0x08000578                DSD0_4_IRQHandler
                0x0800057a                DSD0_4_IRQHandler_Veneer
                0x08000588                DSD0_5_IRQHandler
                0x0800058a                DSD0_5_IRQHandler_Veneer
                0x08000598                DSD0_6_IRQHandler
                0x0800059a                DSD0_6_IRQHandler_Veneer
                0x080005a8                DSD0_7_IRQHandler
                0x080005aa                DSD0_7_IRQHandler_Veneer
                0x080005b8                DAC0_0_IRQHandler
                0x080005ba                DAC0_0_IRQHandler_Veneer
                0x080005c8                DAC0_1_IRQHandler
                0x080005ca                DAC0_1_IRQHandler_Veneer
                0x080005d8                CCU40_0_IRQHandler
                0x080005da                CCU40_0_IRQHandler_Veneer
                0x080005e8                CCU40_1_IRQHandler
                0x080005ea                CCU40_1_IRQHandler_Veneer
                0x080005f8                CCU40_2_IRQHandler
                0x080005fa                CCU40_2_IRQHandler_Veneer
                0x08000608                CCU40_3_IRQHandler
                0x0800060a                CCU40_3_IRQHandler_Veneer
                0x08000618                CCU41_0_IRQHandler
                0x0800061a                CCU41_0_IRQHandler_Veneer
                0x08000626                CCU41_1_IRQHandler
                0x08000628                CCU41_1_IRQHandler_Veneer
                0x08000634                CCU41_2_IRQHandler
                0x08000636                CCU41_2_IRQHandler_Veneer
                0x08000642                CCU41_3_IRQHandler
                0x08000644                CCU41_3_IRQHandler_Veneer
                0x08000650                CCU42_0_IRQHandler
                0x08000652                CCU42_0_IRQHandler_Veneer
                0x0800065e                CCU42_1_IRQHandler
                0x08000660                CCU42_1_IRQHandler_Veneer
                0x0800066c                CCU42_2_IRQHandler
                0x0800066e                CCU42_2_IRQHandler_Veneer
                0x0800067a                CCU42_3_IRQHandler
                0x0800067c                CCU42_3_IRQHandler_Veneer
                0x08000688                CCU43_0_IRQHandler
                0x0800068a                CCU43_0_IRQHandler_Veneer
                0x08000696                CCU43_1_IRQHandler
                0x08000698                CCU43_1_IRQHandler_Veneer
                0x080006a4                CCU43_2_IRQHandler
                0x080006a6                CCU43_2_IRQHandler_Veneer
                0x080006b2                CCU43_3_IRQHandler
                0x080006b4                CCU43_3_IRQHandler_Veneer
                0x080006c0                CCU80_0_IRQHandler
                0x080006c2                CCU80_0_IRQHandler_Veneer
                0x080006ce                CCU80_1_IRQHandler
                0x080006d0                CCU80_1_IRQHandler_Veneer
                0x080006dc                CCU80_2_IRQHandler
                0x080006de                CCU80_2_IRQHandler_Veneer
                0x080006ea                CCU80_3_IRQHandler
                0x080006ec                CCU80_3_IRQHandler_Veneer
                0x080006f8                CCU81_0_IRQHandler
                0x080006fa                CCU81_0_IRQHandler_Veneer
                0x08000706                CCU81_1_IRQHandler
                0x08000708                CCU81_1_IRQHandler_Veneer
                0x08000714                CCU81_2_IRQHandler
                0x08000716                CCU81_2_IRQHandler_Veneer
                0x08000722                CCU81_3_IRQHandler
                0x08000724                CCU81_3_IRQHandler_Veneer
                0x08000730                POSIF0_0_IRQHandler
                0x08000732                POSIF0_0_IRQHandler_Veneer
                0x0800073e                POSIF0_1_IRQHandler
                0x08000740                POSIF0_1_IRQHandler_Veneer
                0x0800074c                POSIF1_0_IRQHandler
                0x0800074e                POSIF1_0_IRQHandler_Veneer
                0x0800075a                POSIF1_1_IRQHandler
                0x0800075c                POSIF1_1_IRQHandler_Veneer
                0x08000768                CAN0_0_IRQHandler
                0x0800076a                CAN0_0_IRQHandler_Veneer
                0x08000778                CAN0_1_IRQHandler_Veneer
                0x08000784                CAN0_2_IRQHandler
                0x08000786                CAN0_2_IRQHandler_Veneer
                0x08000792                CAN0_3_IRQHandler
                0x08000794                CAN0_3_IRQHandler_Veneer
                0x080007a0                CAN0_4_IRQHandler
                0x080007a2                CAN0_4_IRQHandler_Veneer
                0x080007ae                CAN0_5_IRQHandler
                0x080007b0                CAN0_5_IRQHandler_Veneer
                0x080007bc                CAN0_6_IRQHandler
                0x080007be                CAN0_6_IRQHandler_Veneer
                0x080007ca                CAN0_7_IRQHandler
                0x080007cc                CAN0_7_IRQHandler_Veneer
                0x080007d8                USIC0_0_IRQHandler
                0x080007da                USIC0_0_IRQHandler_Veneer
                0x080007e6                USIC0_1_IRQHandler
                0x080007e8                USIC0_1_IRQHandler_Veneer
                0x080007f4                USIC0_2_IRQHandler
                0x080007f6                USIC0_2_IRQHandler_Veneer
                0x08000802                USIC0_3_IRQHandler
                0x08000804                USIC0_3_IRQHandler_Veneer
                0x08000810                USIC0_4_IRQHandler
                0x08000812                USIC0_4_IRQHandler_Veneer
                0x0800081e                USIC0_5_IRQHandler
                0x08000820                USIC0_5_IRQHandler_Veneer
                0x0800082c                USIC1_0_IRQHandler
                0x0800082e                USIC1_0_IRQHandler_Veneer
                0x0800083a                USIC1_1_IRQHandler
                0x0800083c                USIC1_1_IRQHandler_Veneer
                0x08000848                USIC1_2_IRQHandler
                0x0800084a                USIC1_2_IRQHandler_Veneer
                0x08000856                USIC1_3_IRQHandler
                0x08000858                USIC1_3_IRQHandler_Veneer
                0x08000864                USIC1_4_IRQHandler
                0x08000866                USIC1_4_IRQHandler_Veneer
                0x08000872                USIC1_5_IRQHandler
                0x08000874                USIC1_5_IRQHandler_Veneer
                0x08000880                USIC2_0_IRQHandler
                0x08000882                USIC2_0_IRQHandler_Veneer
                0x0800088e                USIC2_1_IRQHandler
                0x08000890                USIC2_1_IRQHandler_Veneer
                0x0800089c                USIC2_2_IRQHandler
                0x0800089e                USIC2_2_IRQHandler_Veneer
                0x080008aa                USIC2_3_IRQHandler
                0x080008ac                USIC2_3_IRQHandler_Veneer
                0x080008b8                USIC2_4_IRQHandler
                0x080008ba                USIC2_4_IRQHandler_Veneer
                0x080008c6                USIC2_5_IRQHandler
                0x080008c8                USIC2_5_IRQHandler_Veneer
                0x080008d4                LEDTS0_0_IRQHandler
                0x080008d6                LEDTS0_0_IRQHandler_Veneer
                0x080008e2                FCE0_0_IRQHandler
                0x080008e4                FCE0_0_IRQHandler_Veneer
                0x080008f0                GPDMA0_0_IRQHandler
                0x080008f2                GPDMA0_0_IRQHandler_Veneer
                0x080008fe                SDMMC0_0_IRQHandler
                0x08000900                SDMMC0_0_IRQHandler_Veneer
                0x0800090c                USB0_0_IRQHandler
                0x0800090e                USB0_0_IRQHandler_Veneer
                0x0800091a                ETH0_0_IRQHandler
                0x0800091c                ETH0_0_IRQHandler_Veneer
                0x08000928                GPDMA1_0_IRQHandler
                0x0800092a                GPDMA1_0_IRQHandler_Veneer
 .text          0x08000af4        0x0 Startup/system_XMC4500.o
 .text.SystemInit
                0x08000af4       0x9c Startup/system_XMC4500.o
                0x08000af4                SystemInit
 .text.SystemCoreClockUpdate
                0x08000b90      0x148 Startup/system_XMC4500.o
                0x08000b90                SystemCoreClockUpdate
 .text.SystemClockSetup
                0x08000cd8      0x4cc Startup/system_XMC4500.o
 .text          0x080011a4        0x0 Main.o
 .text.CAN0_1_IRQHandler
                0x080011a4       0x78 Main.o
                0x080011a4                CAN0_1_IRQHandler
 .text.main     0x0800121c       0x40 Main.o
                0x0800121c                main
 .text          0x0800125c        0x0 Lib/System_LibcStubs.o
 .text._open    0x0800125c       0x1c Lib/System_LibcStubs.o
                0x0800125c                _open
 .text._lseek   0x08001278       0x1c Lib/System_LibcStubs.o
                0x08001278                _lseek
 .text._read    0x08001294       0x1c Lib/System_LibcStubs.o
                0x08001294                _read
 .text._write   0x080012b0       0x1c Lib/System_LibcStubs.o
                0x080012b0                _write
 .text._close   0x080012cc       0x10 Lib/System_LibcStubs.o
                0x080012cc                _close
 .text._fstat   0x080012dc       0x28 Lib/System_LibcStubs.o
                0x080012dc                _fstat
 .text._link    0x08001304       0x28 Lib/System_LibcStubs.o
                0x08001304                _link
 .text._unlink  0x0800132c       0x18 Lib/System_LibcStubs.o
                0x0800132c                _unlink
 .text._sbrk    0x08001344       0xa0 Lib/System_LibcStubs.o
                0x08001344                _sbrk
 .text._times   0x080013e4       0x18 Lib/System_LibcStubs.o
                0x080013e4                _times
 .text._wait    0x080013fc       0x18 Lib/System_LibcStubs.o
                0x080013fc                _wait
 .text._kill    0x08001414       0x1c Lib/System_LibcStubs.o
                0x08001414                _kill
 .text._fork    0x08001430       0x10 Lib/System_LibcStubs.o
                0x08001430                _fork
 .text._getpid  0x08001440       0x10 Lib/System_LibcStubs.o
                0x08001440                _getpid
 .text._exit    0x08001450        0xc Lib/System_LibcStubs.o
                0x08001450                _exit
 .text._init    0x0800145c        0xc Lib/System_LibcStubs.o
                0x0800145c                _init
 .text._isatty  0x08001468       0x18 Lib/System_LibcStubs.o
                0x08001468                _isatty
 .text          0x08001480        0x0 Dave/Generated/src/RESET001/RESET001.o
 .text.RESET001_AssertReset
                0x08001480       0x54 Dave/Generated/src/RESET001/RESET001.o
                0x08001480                RESET001_AssertReset
 .text.RESET001_DeassertReset
                0x080014d4       0x54 Dave/Generated/src/RESET001/RESET001.o
                0x080014d4                RESET001_DeassertReset
 .text.RESET001_GetResetInfo
                0x08001528       0x24 Dave/Generated/src/RESET001/RESET001.o
                0x08001528                RESET001_GetResetInfo
 .text.RESET001_GetStatus
                0x0800154c       0x7c Dave/Generated/src/RESET001/RESET001.o
                0x0800154c                RESET001_GetStatus
 .text          0x080015c8        0x0 Dave/Generated/src/NVIC002/NVIC002.o
 .text.NVIC_GetPriorityGrouping
                0x080015c8       0x20 Dave/Generated/src/NVIC002/NVIC002.o
 .text.NVIC_EnableIRQ
                0x080015e8       0x38 Dave/Generated/src/NVIC002/NVIC002.o
 .text.NVIC_DisableIRQ
                0x08001620       0x3c Dave/Generated/src/NVIC002/NVIC002.o
 .text.NVIC_SetPriority
                0x0800165c       0x5c Dave/Generated/src/NVIC002/NVIC002.o
 .text.NVIC_EncodePriority
                0x080016b8       0x78 Dave/Generated/src/NVIC002/NVIC002.o
 .text.NVIC002_Init
                0x08001730       0x30 Dave/Generated/src/NVIC002/NVIC002.o
                0x08001730                NVIC002_Init
 .text.NVIC002_EnableIRQ
                0x08001760       0x20 Dave/Generated/src/NVIC002/NVIC002.o
                0x08001760                NVIC002_EnableIRQ
 .text.NVIC002_DisableIRQ
                0x08001780       0x20 Dave/Generated/src/NVIC002/NVIC002.o
                0x08001780                NVIC002_DisableIRQ
 .text          0x080017a0        0x0 Dave/Generated/src/NVIC002/NVIC002_Conf.o
 .text          0x080017a0        0x0 Dave/Generated/src/LIBS/CCU8PWMLIB.o
 .text          0x080017a0        0x0 Dave/Generated/src/LIBS/MOTORLIB.o
 .text          0x080017a0        0x0 Dave/Generated/src/DAVESupport/DAVE3.o
 .text.NVIC_SetPriorityGrouping
                0x080017a0       0x50 Dave/Generated/src/DAVESupport/DAVE3.o
 .text.DAVE_Init
                0x080017f0       0x24 Dave/Generated/src/DAVESupport/DAVE3.o
                0x080017f0                DAVE_Init
 .text.SystemInit_DAVE3
                0x08001814        0xc Dave/Generated/src/DAVESupport/DAVE3.o
                0x08001814                SystemInit_DAVE3
 .text          0x08001820        0x0 Dave/Generated/src/DAVESupport/MULTIPLEXER.o
 .text.DAVE_MUX_Init
                0x08001820       0x74 Dave/Generated/src/DAVESupport/MULTIPLEXER.o
                0x08001820                DAVE_MUX_Init
 .text.DAVE_MUX_PreInit
                0x08001894        0xc Dave/Generated/src/DAVESupport/MULTIPLEXER.o
                0x08001894                DAVE_MUX_PreInit
 .text          0x080018a0        0x0 Dave/Generated/src/CLK001/CLK001.o
 .text.Delay    0x080018a0       0x38 Dave/Generated/src/CLK001/CLK001.o
 .text.System_Clock_valid
                0x080018d8       0x38 Dave/Generated/src/CLK001/CLK001.o
 .text.System_Clock_init
                0x08001910      0x370 Dave/Generated/src/CLK001/CLK001.o
 .text.RTC_Clock_init
                0x08001c80       0xa8 Dave/Generated/src/CLK001/CLK001.o
 .text.CLK001_Init
                0x08001d28       0x1c Dave/Generated/src/CLK001/CLK001.o
                0x08001d28                CLK001_Init
 .text.AllowPLLInitByStartup
                0x08001d44       0x10 Dave/Generated/src/CLK001/CLK001.o
                0x08001d44                AllowPLLInitByStartup
 .text          0x08001d54        0x0 Dave/Generated/src/CANGLOBAL/CANGLOBAL.o
 .text.CANGLOBAL_Init
                0x08001d54       0x9c Dave/Generated/src/CANGLOBAL/CANGLOBAL.o
                0x08001d54                CANGLOBAL_Init
 .text          0x08001df0        0x0 Dave/Generated/src/CAN001/CAN001.o
 .text.CAN001_lAllocateMOtoNodeList
                0x08001df0       0x50 Dave/Generated/src/CAN001/CAN001.o
 .text.CAN001_lDeallocateMsgObj
                0x08001e40       0x5c Dave/Generated/src/CAN001/CAN001.o
 .text.CAN001_lConfigMORegs
                0x08001e9c      0x1bc Dave/Generated/src/CAN001/CAN001.o
 .text.CAN001_lNodeInit
                0x08002058       0xf0 Dave/Generated/src/CAN001/CAN001.o
 .text.CAN001_Init
                0x08002148       0x7c Dave/Generated/src/CAN001/CAN001.o
                0x08002148                CAN001_Init
 .text.CAN001_NodeDeInit
                0x080021c4      0x100 Dave/Generated/src/CAN001/CAN001.o
                0x080021c4                CAN001_NodeDeInit
 .text.CAN001_ConfigMsgObj
                0x080022c4       0xb0 Dave/Generated/src/CAN001/CAN001.o
                0x080022c4                CAN001_ConfigMsgObj
 .text.CAN001_SendDataFrame
                0x08002374       0x98 Dave/Generated/src/CAN001/CAN001.o
                0x08002374                CAN001_SendDataFrame
 .text.CAN001_SendRemoteFrame
                0x0800240c       0x98 Dave/Generated/src/CAN001/CAN001.o
                0x0800240c                CAN001_SendRemoteFrame
 .text.CAN001_ReadMsgObj
                0x080024a4      0x204 Dave/Generated/src/CAN001/CAN001.o
                0x080024a4                CAN001_ReadMsgObj
 .text.CAN001_UpdateMODataRegisters
                0x080026a8      0x160 Dave/Generated/src/CAN001/CAN001.o
                0x080026a8                CAN001_UpdateMODataRegisters
 .text.CAN001_GetMOFlagStatus
                0x08002808       0x60 Dave/Generated/src/CAN001/CAN001.o
                0x08002808                CAN001_GetMOFlagStatus
 .text.CAN001_GetNodeFlagStatus
                0x08002868       0x40 Dave/Generated/src/CAN001/CAN001.o
                0x08002868                CAN001_GetNodeFlagStatus
 .text.CAN001_GetMOPndRegisterBitStatus
                0x080028a8       0x58 Dave/Generated/src/CAN001/CAN001.o
                0x080028a8                CAN001_GetMOPndRegisterBitStatus
 .text.CAN001_ClearMOFlagStatus
                0x08002900       0x6c Dave/Generated/src/CAN001/CAN001.o
                0x08002900                CAN001_ClearMOFlagStatus
 .text.CAN001_ClearNodeFlagStatus
                0x0800296c       0x30 Dave/Generated/src/CAN001/CAN001.o
                0x0800296c                CAN001_ClearNodeFlagStatus
 .text.CAN001_ClearMOPndRegisterBit
                0x0800299c       0x78 Dave/Generated/src/CAN001/CAN001.o
                0x0800299c                CAN001_ClearMOPndRegisterBit
 .text          0x08002a14        0x0 Dave/Generated/src/CAN001/CAN001_Conf.o
 .text          0x08002a14        0x0 c:/dave-3.1.8/dave-3.1.8/arm-gcc/bin/../lib/gcc/arm-none-eabi/4.7.4/../../../../arm-none-eabi/lib/armv7e-m\libg.a(lib_a-init.o)
 .text.__libc_init_array
                0x08002a14       0x94 c:/dave-3.1.8/dave-3.1.8/arm-gcc/bin/../lib/gcc/arm-none-eabi/4.7.4/../../../../arm-none-eabi/lib/armv7e-m\libg.a(lib_a-init.o)
                0x08002a14                __libc_init_array
 *(.glue*)
 .glue_7        0x00000000        0x0 linker stubs
 .glue_7t       0x00000000        0x0 linker stubs
 *(.v4*)
 .v4_bx         0x00000000        0x0 linker stubs
 *(.vfp11_veneer)
 .vfp11_veneer  0x00000000        0x0 linker stubs
 *(.init)
                0x08002aa8                __preinit_array_start = .
 *(.preinit_array)
                0x08002aa8                __preinit_array_end = .
                0x08002aa8                __init_array_start = .
 *(SORT(.init_array.*))
 *(.init_array)
                0x08002aa8                __init_array_end = .
 *crtbegin.o(.ctors)
 *(EXCLUDE_FILE(*crtend.o) .ctors)
 *(SORT(.ctors.*))
 *crtend.o(.ctors)
 *(.fini)
                0x08002aa8                __fini_array_start = .
 *(.fini_array)
 *(SORT(.fini_array.*))
                0x08002aa8                __fini_array_end = .
 *crtbegin.o(.dtors)
 *(EXCLUDE_FILE(*crtend.o) .dtors)
 *(SORT(.dtors.*))
 *crtend.o(.dtors)
                0x08002aa8                __extab_start = .
 *(.ARM.extab* .gnu.linkonce.armextab.*)
 .ARM.extab.Xmc4500.reset
                0x08002aa8        0x0 Startup/startup_XMC4500.o
 .ARM.extab.Xmc4500.postreset
                0x08002aa8        0x0 Startup/startup_XMC4500.o
                0x08002aa8                . = ALIGN (0x4)
                0x08002aa8                __extab_end = ABSOLUTE (.)

.iplt           0x08002aa8        0x0 load address 0x0c002aa8
 .iplt          0x00000000        0x0 Startup/startup_XMC4500.o

.ARM.exidx      0x08002aa8       0x10 load address 0x0c002aa8
                0x08002aa8                __exidx_start = .
 *(.ARM.exidx* .gnu.linkonce.armexidx.*)
 .ARM.exidx.Xmc4500.reset
                0x08002aa8        0x8 Startup/startup_XMC4500.o
 .ARM.exidx.Xmc4500.postreset
                0x08002ab0        0x8 Startup/startup_XMC4500.o
                0x08002ab8                . = ALIGN (0x4)
                0x08002ab8                __exidx_end = ABSOLUTE (.)

.rodata         0x08002ab8       0x14 load address 0x0c002ab8
 *(.rodata .rodata.*)
 .rodata        0x08002ab8        0x4 Dave/Generated/src/NVIC002/NVIC002_Conf.o
                0x08002ab8                NVIC002_Handle0
 .rodata        0x08002abc       0x10 Dave/Generated/src/CAN001/CAN001_Conf.o
                0x08002abc                CAN001_Handle0
 *(.gnu.linkonce.r*)

.rel.dyn        0x08002acc        0x0 load address 0x0c002acc
 .rel.iplt      0x00000000        0x0 Startup/startup_XMC4500.o
                0x08002ad0                . = ALIGN (0x10)
                0x0c002ad0                eROData = (. | 0x4000000)

Stack           0x20000000      0x800
                0x20000800                . = (. + stack_size)
 *fill*         0x20000000      0x800 00
                0x20000800                __Xmc4500_stack = .

Communication_Buffers
 *DMA_Descriptors.o(COMMON)

.bss            0x20000800       0x28
                0x20000800                __Xmc4500_sBSS = .
 *(.bss)
 .bss           0x20000800        0x0 Startup/startup_XMC4500.o
 .bss           0x20000800        0x0 Startup/system_XMC4500.o
 .bss           0x20000800        0x0 Main.o
 .bss           0x20000800        0xc Lib/System_LibcStubs.o
                0x20000800                __dso_handle
 .bss           0x2000080c        0x0 Dave/Generated/src/RESET001/RESET001.o
 .bss           0x2000080c        0x0 Dave/Generated/src/NVIC002/NVIC002.o
 .bss           0x2000080c        0x0 Dave/Generated/src/NVIC002/NVIC002_Conf.o
 .bss           0x2000080c        0x0 Dave/Generated/src/LIBS/CCU8PWMLIB.o
 .bss           0x2000080c        0x0 Dave/Generated/src/LIBS/MOTORLIB.o
 .bss           0x2000080c        0x0 Dave/Generated/src/DAVESupport/DAVE3.o
 .bss           0x2000080c        0x0 Dave/Generated/src/DAVESupport/MULTIPLEXER.o
 .bss           0x2000080c        0x0 Dave/Generated/src/CLK001/CLK001.o
 .bss           0x2000080c        0x1 Dave/Generated/src/CANGLOBAL/CANGLOBAL.o
 .bss           0x2000080d        0x0 Dave/Generated/src/CAN001/CAN001.o
 .bss           0x2000080d        0x0 Dave/Generated/src/CAN001/CAN001_Conf.o
 .bss           0x2000080d        0x0 c:/dave-3.1.8/dave-3.1.8/arm-gcc/bin/../lib/gcc/arm-none-eabi/4.7.4/../../../../arm-none-eabi/lib/armv7e-m\libg.a(lib_a-init.o)
 *(.bss*)
 *(EXCLUDE_FILE(*DMA_Descriptors.o) COMMON)
 *fill*         0x2000080d        0x3 00
 COMMON         0x20000810       0x18 Main.o
                0x20000810                CanRecMsgObj
 *(.gnu.linkonce.b*)
                0x20000828                __Xmc4500_eBSS = ALIGN (0x4)
                0x00000028                __Xmc4500_BSS_Size = (__Xmc4500_eBSS - __Xmc4500_sBSS)

.data           0x20000830       0x34 load address 0x0c002ad0
                0x20000830                __Xmc4500_sData = .
 *(.data)
 .data          0x20000830        0x0 Startup/startup_XMC4500.o
 .data          0x20000830        0x4 Startup/system_XMC4500.o
                0x20000830                SystemCoreClock
 .data          0x20000834        0x0 Main.o
 .data          0x20000834        0x0 Lib/System_LibcStubs.o
 .data          0x20000834        0x0 Dave/Generated/src/RESET001/RESET001.o
 .data          0x20000834        0x0 Dave/Generated/src/NVIC002/NVIC002.o
 .data          0x20000834        0x0 Dave/Generated/src/NVIC002/NVIC002_Conf.o
 .data          0x20000834        0x0 Dave/Generated/src/LIBS/CCU8PWMLIB.o
 .data          0x20000834        0x0 Dave/Generated/src/LIBS/MOTORLIB.o
 .data          0x20000834        0x0 Dave/Generated/src/DAVESupport/DAVE3.o
 .data          0x20000834        0x0 Dave/Generated/src/DAVESupport/MULTIPLEXER.o
 .data          0x20000834        0x0 Dave/Generated/src/CLK001/CLK001.o
 .data          0x20000834        0x0 Dave/Generated/src/CANGLOBAL/CANGLOBAL.o
 .data          0x20000834        0x0 Dave/Generated/src/CAN001/CAN001.o
 .data          0x20000834       0x30 Dave/Generated/src/CAN001/CAN001_Conf.o
                0x20000834                CAN001_MessageHandle0_1
                0x2000084c                CAN001_MessageHandle0_2
 .data          0x20000864        0x0 c:/dave-3.1.8/dave-3.1.8/arm-gcc/bin/../lib/gcc/arm-none-eabi/4.7.4/../../../../arm-none-eabi/lib/armv7e-m\libg.a(lib_a-init.o)
 *(.data*)
 *(*.data)
 *(.gnu.linkonce.d*)
                0x20000864                __Xmc4500_eData = ALIGN (0x4)
                0x00000034                __Xmc4500_Data_Size = (__Xmc4500_eData - __Xmc4500_sData)
                0x20000868                __Xmc4500_heap_start = ALIGN (0x8)
                0x20010000                __Xmc4500_heap_end = (ORIGIN (DSRAM_1_system) + 0x10000)
                0x20000868                Heap_Bank1_Start = __Xmc4500_heap_start
                0x0000f798                Heap_Bank1_Size = (__Xmc4500_heap_end - __Xmc4500_heap_start)
                0x20010000                Heap_Bank1_End = ABSOLUTE (__Xmc4500_heap_end)

.igot.plt       0x20000864        0x0 load address 0x0c002b04
 .igot.plt      0x00000000        0x0 Startup/startup_XMC4500.o

DSRAM2_Heap     0x30000000        0x0
                0x30000000                Heap_Bank2_Start = .
                0x00008000                Heap_Bank2_Size = (0x8000 - (Heap_Bank2_Start - ORIGIN (DSRAM_2_comm)))

PSRAM_Heap      0x10000000        0x0
                0x10000000                Heap_Bank3_Start = .
                0x00010000                Heap_Bank3_Size = (0x10000 - (Heap_Bank3_Start - ORIGIN (PSRAM_1)))

/DISCARD/
 *(.comment)

.stab
 *(.stab)

.stabstr
 *(.stabstr)

.debug
 *(.debug)

.line
 *(.line)

.debug_srcinfo
 *(.debug_srcinfo)

.debug_sfnames
 *(.debug_sfnames)

.debug_aranges  0x00000000      0x380
 *(.debug_aranges)
 .debug_aranges
                0x00000000       0x38 Startup/startup_XMC4500.o
 .debug_aranges
                0x00000038       0x30 Startup/system_XMC4500.o
 .debug_aranges
                0x00000068       0x28 Main.o
 .debug_aranges
                0x00000090       0xa0 Lib/System_LibcStubs.o
 .debug_aranges
                0x00000130       0x38 Dave/Generated/src/RESET001/RESET001.o
 .debug_aranges
                0x00000168       0x58 Dave/Generated/src/NVIC002/NVIC002.o
 .debug_aranges
                0x000001c0       0x18 Dave/Generated/src/NVIC002/NVIC002_Conf.o
 .debug_aranges
                0x000001d8       0x18 Dave/Generated/src/LIBS/CCU8PWMLIB.o
 .debug_aranges
                0x000001f0       0x18 Dave/Generated/src/LIBS/MOTORLIB.o
 .debug_aranges
                0x00000208       0x30 Dave/Generated/src/DAVESupport/DAVE3.o
 .debug_aranges
                0x00000238       0x28 Dave/Generated/src/DAVESupport/MULTIPLEXER.o
 .debug_aranges
                0x00000260       0x48 Dave/Generated/src/CLK001/CLK001.o
 .debug_aranges
                0x000002a8       0x20 Dave/Generated/src/CANGLOBAL/CANGLOBAL.o
 .debug_aranges
                0x000002c8       0xa0 Dave/Generated/src/CAN001/CAN001.o
 .debug_aranges
                0x00000368       0x18 Dave/Generated/src/CAN001/CAN001_Conf.o

.debug_pubnames
 *(.debug_pubnames)

.debug_pubtypes
 *(.debug_pubtypes)

.debug_info     0x00000000     0x44c3
 *(.debug_info .gnu.linkonce.wi.*)
 .debug_info    0x00000000       0x61 Startup/startup_XMC4500.o
 .debug_info    0x00000061      0xaf0 Startup/system_XMC4500.o
 .debug_info    0x00000b51      0x3a7 Main.o
 .debug_info    0x00000ef8      0x65f Lib/System_LibcStubs.o
 .debug_info    0x00001557      0x44a Dave/Generated/src/RESET001/RESET001.o
 .debug_info    0x000019a1      0x874 Dave/Generated/src/NVIC002/NVIC002.o
 .debug_info    0x00002215       0xf8 Dave/Generated/src/NVIC002/NVIC002_Conf.o
 .debug_info    0x0000230d       0x94 Dave/Generated/src/LIBS/CCU8PWMLIB.o
 .debug_info    0x000023a1       0x94 Dave/Generated/src/LIBS/MOTORLIB.o
 .debug_info    0x00002435      0x2e9 Dave/Generated/src/DAVESupport/DAVE3.o
 .debug_info    0x0000271e      0x375 Dave/Generated/src/DAVESupport/MULTIPLEXER.o
 .debug_info    0x00002a93      0x6de Dave/Generated/src/CLK001/CLK001.o
 .debug_info    0x00003171      0x33a Dave/Generated/src/CANGLOBAL/CANGLOBAL.o
 .debug_info    0x000034ab      0xd05 Dave/Generated/src/CAN001/CAN001.o
 .debug_info    0x000041b0      0x313 Dave/Generated/src/CAN001/CAN001_Conf.o

.debug_abbrev   0x00000000      0xee7
 *(.debug_abbrev)
 .debug_abbrev  0x00000000       0x12 Startup/startup_XMC4500.o
 .debug_abbrev  0x00000012      0x154 Startup/system_XMC4500.o
 .debug_abbrev  0x00000166      0x143 Main.o
 .debug_abbrev  0x000002a9      0x149 Lib/System_LibcStubs.o
 .debug_abbrev  0x000003f2       0xf9 Dave/Generated/src/RESET001/RESET001.o
 .debug_abbrev  0x000004eb      0x1a1 Dave/Generated/src/NVIC002/NVIC002.o
 .debug_abbrev  0x0000068c       0x84 Dave/Generated/src/NVIC002/NVIC002_Conf.o
 .debug_abbrev  0x00000710       0x4e Dave/Generated/src/LIBS/CCU8PWMLIB.o
 .debug_abbrev  0x0000075e       0x4e Dave/Generated/src/LIBS/MOTORLIB.o
 .debug_abbrev  0x000007ac       0xf3 Dave/Generated/src/DAVESupport/DAVE3.o
 .debug_abbrev  0x0000089f       0xe0 Dave/Generated/src/DAVESupport/MULTIPLEXER.o
 .debug_abbrev  0x0000097f      0x193 Dave/Generated/src/CLK001/CLK001.o
 .debug_abbrev  0x00000b12       0xe6 Dave/Generated/src/CANGLOBAL/CANGLOBAL.o
 .debug_abbrev  0x00000bf8      0x20f Dave/Generated/src/CAN001/CAN001.o
 .debug_abbrev  0x00000e07       0xe0 Dave/Generated/src/CAN001/CAN001_Conf.o

.debug_line     0x00000000     0x5e29
 *(.debug_line)
 .debug_line    0x00000000      0x1a4 Startup/startup_XMC4500.o
 .debug_line    0x000001a4      0x3f3 Startup/system_XMC4500.o
 .debug_line    0x00000597      0x6a0 Main.o
 .debug_line    0x00000c37      0x3e8 Lib/System_LibcStubs.o
 .debug_line    0x0000101f      0x6e2 Dave/Generated/src/RESET001/RESET001.o
 .debug_line    0x00001701      0x744 Dave/Generated/src/NVIC002/NVIC002.o
 .debug_line    0x00001e45      0x687 Dave/Generated/src/NVIC002/NVIC002_Conf.o
 .debug_line    0x000024cc      0x6bc Dave/Generated/src/LIBS/CCU8PWMLIB.o
 .debug_line    0x00002b88      0x6b8 Dave/Generated/src/LIBS/MOTORLIB.o
 .debug_line    0x00003240      0x704 Dave/Generated/src/DAVESupport/DAVE3.o
 .debug_line    0x00003944      0x6ed Dave/Generated/src/DAVESupport/MULTIPLEXER.o
 .debug_line    0x00004031      0x769 Dave/Generated/src/CLK001/CLK001.o
 .debug_line    0x0000479a      0x6a5 Dave/Generated/src/CANGLOBAL/CANGLOBAL.o
 .debug_line    0x00004e3f      0x965 Dave/Generated/src/CAN001/CAN001.o
 .debug_line    0x000057a4      0x685 Dave/Generated/src/CAN001/CAN001_Conf.o

.debug_frame    0x00000000      0x7d8
 *(.debug_frame)
 .debug_frame   0x00000000       0x6c Startup/system_XMC4500.o
 .debug_frame   0x0000006c       0x4c Main.o
 .debug_frame   0x000000b8      0x1ec Lib/System_LibcStubs.o
 .debug_frame   0x000002a4       0x80 Dave/Generated/src/RESET001/RESET001.o
 .debug_frame   0x00000324       0xf8 Dave/Generated/src/NVIC002/NVIC002.o
 .debug_frame   0x0000041c       0x64 Dave/Generated/src/DAVESupport/DAVE3.o
 .debug_frame   0x00000480       0x48 Dave/Generated/src/DAVESupport/MULTIPLEXER.o
 .debug_frame   0x000004c8       0xbc Dave/Generated/src/CLK001/CLK001.o
 .debug_frame   0x00000584       0x2c Dave/Generated/src/CANGLOBAL/CANGLOBAL.o
 .debug_frame   0x000005b0      0x1f8 Dave/Generated/src/CAN001/CAN001.o
 .debug_frame   0x000007a8       0x30 c:/dave-3.1.8/dave-3.1.8/arm-gcc/bin/../lib/gcc/arm-none-eabi/4.7.4/../../../../arm-none-eabi/lib/armv7e-m\libg.a(lib_a-init.o)

.debug_str      0x00000000    0x96e29
 *(.debug_str)
 .debug_str     0x00000000    0x9010f Startup/system_XMC4500.o
                              0x9045b (size before relaxing)
 .debug_str     0x0009010f     0x2453 Main.o
                              0x923fc (size before relaxing)
 .debug_str     0x00092562     0x2e23 Lib/System_LibcStubs.o
                               0x587b (size before relaxing)
 .debug_str     0x00095385      0x2c0 Dave/Generated/src/RESET001/RESET001.o
                              0x9254c (size before relaxing)
 .debug_str     0x00095645      0xa49 Dave/Generated/src/NVIC002/NVIC002.o
                              0x92cf1 (size before relaxing)
 .debug_str     0x0009608e       0x3d Dave/Generated/src/NVIC002/NVIC002_Conf.o
                              0x92270 (size before relaxing)
 .debug_str     0x000960cb       0x28 Dave/Generated/src/LIBS/CCU8PWMLIB.o
                              0x92224 (size before relaxing)
 .debug_str     0x000960f3       0x26 Dave/Generated/src/LIBS/MOTORLIB.o
                              0x92222 (size before relaxing)
 .debug_str     0x00096119       0x68 Dave/Generated/src/DAVESupport/DAVE3.o
                              0x922f2 (size before relaxing)
 .debug_str     0x00096181       0xd3 Dave/Generated/src/DAVESupport/MULTIPLEXER.o
                              0x92335 (size before relaxing)
 .debug_str     0x00096254      0x5f0 Dave/Generated/src/CLK001/CLK001.o
                              0x92a5e (size before relaxing)
 .debug_str     0x00096844       0x80 Dave/Generated/src/CANGLOBAL/CANGLOBAL.o
                              0x923e3 (size before relaxing)
 .debug_str     0x000968c4      0x53a Dave/Generated/src/CAN001/CAN001.o
                              0x92cad (size before relaxing)
 .debug_str     0x00096dfe       0x2b Dave/Generated/src/CAN001/CAN001_Conf.o
                              0x923bf (size before relaxing)

.debug_loc      0x00000000      0xd08
 *(.debug_loc)
 .debug_loc     0x00000000       0xa8 Startup/system_XMC4500.o
 .debug_loc     0x000000a8       0x64 Main.o
 .debug_loc     0x0000010c      0x388 Lib/System_LibcStubs.o
 .debug_loc     0x00000494       0xe0 Dave/Generated/src/RESET001/RESET001.o
 .debug_loc     0x00000574      0x1a8 Dave/Generated/src/NVIC002/NVIC002.o
 .debug_loc     0x0000071c       0x90 Dave/Generated/src/DAVESupport/DAVE3.o
 .debug_loc     0x000007ac       0x58 Dave/Generated/src/DAVESupport/MULTIPLEXER.o
 .debug_loc     0x00000804      0x12c Dave/Generated/src/CLK001/CLK001.o
 .debug_loc     0x00000930       0x2c Dave/Generated/src/CANGLOBAL/CANGLOBAL.o
 .debug_loc     0x0000095c      0x3ac Dave/Generated/src/CAN001/CAN001.o

.debug_macinfo
 *(.debug_macinfo)

.debug_ranges   0x00000000      0x278
 *(.debug_ranges)
 .debug_ranges  0x00000000       0x30 Startup/startup_XMC4500.o
 .debug_ranges  0x00000030       0x20 Startup/system_XMC4500.o
 .debug_ranges  0x00000050       0x18 Main.o
 .debug_ranges  0x00000068       0x90 Lib/System_LibcStubs.o
 .debug_ranges  0x000000f8       0x28 Dave/Generated/src/RESET001/RESET001.o
 .debug_ranges  0x00000120       0x48 Dave/Generated/src/NVIC002/NVIC002.o
 .debug_ranges  0x00000168       0x20 Dave/Generated/src/DAVESupport/DAVE3.o
 .debug_ranges  0x00000188       0x18 Dave/Generated/src/DAVESupport/MULTIPLEXER.o
 .debug_ranges  0x000001a0       0x38 Dave/Generated/src/CLK001/CLK001.o
 .debug_ranges  0x000001d8       0x10 Dave/Generated/src/CANGLOBAL/CANGLOBAL.o
 .debug_ranges  0x000001e8       0x90 Dave/Generated/src/CAN001/CAN001.o

.debug_weaknames
 *(.debug_weaknames)

.debug_funcnames
 *(.debug_funcnames)

.debug_typenames
 *(.debug_typenames)

.debug_varnames
 *(.debug_varnames)

.build_attributes
                0x00000000      0x373
 *(.ARM.attributes)
 .ARM.attributes
                0x00000000       0x27 Startup/startup_XMC4500.o
 .ARM.attributes
                0x00000027       0x39 Startup/system_XMC4500.o
 .ARM.attributes
                0x00000060       0x39 Main.o
 .ARM.attributes
                0x00000099       0x39 Lib/System_LibcStubs.o
 .ARM.attributes
                0x000000d2       0x39 Dave/Generated/src/RESET001/RESET001.o
 .ARM.attributes
                0x0000010b       0x39 Dave/Generated/src/NVIC002/NVIC002.o
 .ARM.attributes
                0x00000144       0x39 Dave/Generated/src/NVIC002/NVIC002_Conf.o
 .ARM.attributes
                0x0000017d       0x39 Dave/Generated/src/LIBS/CCU8PWMLIB.o
 .ARM.attributes
                0x000001b6       0x39 Dave/Generated/src/LIBS/MOTORLIB.o
 .ARM.attributes
                0x000001ef       0x39 Dave/Generated/src/DAVESupport/DAVE3.o
 .ARM.attributes
                0x00000228       0x39 Dave/Generated/src/DAVESupport/MULTIPLEXER.o
 .ARM.attributes
                0x00000261       0x39 Dave/Generated/src/CLK001/CLK001.o
 .ARM.attributes
                0x0000029a       0x39 Dave/Generated/src/CANGLOBAL/CANGLOBAL.o
 .ARM.attributes
                0x000002d3       0x39 Dave/Generated/src/CAN001/CAN001.o
 .ARM.attributes
                0x0000030c       0x39 Dave/Generated/src/CAN001/CAN001_Conf.o
 .ARM.attributes
                0x00000345       0x2e c:/dave-3.1.8/dave-3.1.8/arm-gcc/bin/../lib/gcc/arm-none-eabi/4.7.4/../../../../arm-none-eabi/lib/armv7e-m\libg.a(lib_a-init.o)
OUTPUT(jjj.elf elf32-littlearm)

.debug_macro    0x00000000    0x19575
 .debug_macro   0x00000000      0x17e Startup/system_XMC4500.o
 .debug_macro   0x0000017e      0x814 Startup/system_XMC4500.o
 .debug_macro   0x00000992       0x3a Startup/system_XMC4500.o
 .debug_macro   0x000009cc       0x10 Startup/system_XMC4500.o
 .debug_macro   0x000009dc       0x2e Startup/system_XMC4500.o
 .debug_macro   0x00000a0a       0xa3 Startup/system_XMC4500.o
 .debug_macro   0x00000aad      0x20e Startup/system_XMC4500.o
 .debug_macro   0x00000cbb       0x6a Startup/system_XMC4500.o
 .debug_macro   0x00000d25       0x2d Startup/system_XMC4500.o
 .debug_macro   0x00000d52       0x3b Startup/system_XMC4500.o
 .debug_macro   0x00000d8d       0x2d Startup/system_XMC4500.o
 .debug_macro   0x00000dba       0x42 Startup/system_XMC4500.o
 .debug_macro   0x00000dfc      0xd39 Startup/system_XMC4500.o
 .debug_macro   0x00001b35    0x150f5 Startup/system_XMC4500.o
 .debug_macro   0x00016c2a      0x168 Main.o
 .debug_macro   0x00016d92       0x70 Main.o
 .debug_macro   0x00016e02      0x16c Main.o
 .debug_macro   0x00016f6e       0x22 Main.o
 .debug_macro   0x00016f90      0x547 Main.o
 .debug_macro   0x000174d7       0x64 Main.o
 .debug_macro   0x0001753b       0x46 Main.o
 .debug_macro   0x00017581      0x160 Main.o
 .debug_macro   0x000176e1       0x34 Main.o
 .debug_macro   0x00017715       0x28 Main.o
 .debug_macro   0x0001773d       0x1c Main.o
 .debug_macro   0x00017759       0x12 Main.o
 .debug_macro   0x0001776b       0x10 Main.o
 .debug_macro   0x0001777b      0x119 Lib/System_LibcStubs.o
 .debug_macro   0x00017894       0x3a Lib/System_LibcStubs.o
 .debug_macro   0x000178ce       0x52 Lib/System_LibcStubs.o
 .debug_macro   0x00017920       0x19 Lib/System_LibcStubs.o
 .debug_macro   0x00017939      0x16d Lib/System_LibcStubs.o
 .debug_macro   0x00017aa6       0x10 Lib/System_LibcStubs.o
 .debug_macro   0x00017ab6       0x16 Lib/System_LibcStubs.o
 .debug_macro   0x00017acc       0x89 Lib/System_LibcStubs.o
 .debug_macro   0x00017b55       0x10 Lib/System_LibcStubs.o
 .debug_macro   0x00017b65       0xf5 Lib/System_LibcStubs.o
 .debug_macro   0x00017c5a       0x22 Lib/System_LibcStubs.o
 .debug_macro   0x00017c7c       0x91 Lib/System_LibcStubs.o
 .debug_macro   0x00017d0d       0x34 Lib/System_LibcStubs.o
 .debug_macro   0x00017d41      0x120 Lib/System_LibcStubs.o
 .debug_macro   0x00017e61       0x16 Lib/System_LibcStubs.o
 .debug_macro   0x00017e77       0x35 Lib/System_LibcStubs.o
 .debug_macro   0x00017eac      0x495 Lib/System_LibcStubs.o
 .debug_macro   0x00018341      0x186 Dave/Generated/src/RESET001/RESET001.o
 .debug_macro   0x000184c7      0x227 Dave/Generated/src/NVIC002/NVIC002.o
 .debug_macro   0x000186ee      0x168 Dave/Generated/src/NVIC002/NVIC002_Conf.o
 .debug_macro   0x00018856      0x16c Dave/Generated/src/LIBS/CCU8PWMLIB.o
 .debug_macro   0x000189c2      0x16c Dave/Generated/src/LIBS/MOTORLIB.o
 .debug_macro   0x00018b2e      0x168 Dave/Generated/src/DAVESupport/DAVE3.o
 .debug_macro   0x00018c96      0x168 Dave/Generated/src/DAVESupport/MULTIPLEXER.o
 .debug_macro   0x00018dfe      0x267 Dave/Generated/src/CLK001/CLK001.o
 .debug_macro   0x00019065      0x168 Dave/Generated/src/CANGLOBAL/CANGLOBAL.o
 .debug_macro   0x000191cd      0x240 Dave/Generated/src/CAN001/CAN001.o
 .debug_macro   0x0001940d      0x168 Dave/Generated/src/CAN001/CAN001_Conf.o
